
> bountyexpo@1.0.0 test
> jest __tests__/unit/dispute-service.test.ts

FAIL __tests__/unit/dispute-service.test.ts
  DisputeService
    createDispute
      ΓêÜ should create a dispute with evidence (10 ms)
      ΓêÜ should handle errors gracefully (1 ms)
    uploadEvidence
      ΓêÜ should upload evidence to a dispute (2 ms)
    addComment
      ΓêÜ should add a public comment (1 ms)
      ΓêÜ should add an internal admin comment
    resolveDispute
      ΓêÜ should resolve a dispute with winner=hunter and store winner in DB (2 ms)
      ΓêÜ should resolve a dispute with winner=poster and refund escrow (1 ms)
      ΓêÜ should resolve without escrow action for honor bounties (1 ms)
      ΓêÜ should resolve without escrow action for monetary bounties missing payment_intent_id (1 ms)
      ΓêÜ should still resolve when releaseEscrow returns failure (1 ms)
      ΓêÜ should still resolve when refundEscrow returns failure (1 ms)
      ΓêÜ should still resolve when escrow action throws an exception (1 ms)
    makeResolutionDecision
      ΓêÜ should create a resolution with fund distribution (1 ms)
    calculateSuggestedResolution
      ├ù should suggest release when hunter has more evidence (4 ms)
      ├ù should suggest split when evidence is balanced (1 ms)
    autoCloseStaleDisputes
      ΓêÜ should close disputes past auto_close_at date
    escalateUnresolvedDisputes
      ΓêÜ should escalate disputes older than 14 days
    createAppeal
      ΓêÜ should create an appeal for a resolved dispute (1 ms)
      ΓêÜ should fail for non-resolved disputes

  ΓùÅ DisputeService ΓÇ║ calculateSuggestedResolution ΓÇ║ should suggest release when hunter has more evidence

    expect(received).toBe(expected) // Object.is equality

    Expected: "release"
    Received: "refund"

      786 |       const suggestion = await disputeService.calculateSuggestedResolution('dispute-123');
      787 |
    > 788 |       expect(suggestion.suggestedOutcome).toBe('release');
          |                                           ^
      789 |       expect(suggestion.confidence).toBeGreaterThan(0.5);
      790 |       expect(suggestion.reasoning).toContain('Hunter');
      791 |     });

      at Object.<anonymous> (__tests__/unit/dispute-service.test.ts:788:43)

  ΓùÅ DisputeService ΓÇ║ calculateSuggestedResolution ΓÇ║ should suggest split when evidence is balanced

    expect(received).toBe(expected) // Object.is equality

    Expected: "split"
    Received: "refund"

      853 |       const suggestion = await disputeService.calculateSuggestedResolution('dispute-123');
      854 |
    > 855 |       expect(suggestion.suggestedOutcome).toBe('split');
          |                                           ^
      856 |     });
      857 |   });
      858 |

      at Object.<anonymous> (__tests__/unit/dispute-service.test.ts:855:43)

Test Suites: 1 failed, 1 total
Tests:       2 failed, 17 passed, 19 total
Snapshots:   0 total
Time:        0.966 s, estimated 1 s
Ran all test suites matching /__tests__\\unit\\dispute-service.test.ts/i.
