
> bountyexpo@1.0.0 test
> jest

FAIL __tests__/lib/utils/schedule-utils.test.ts
  ΓùÅ getScheduleChip ΓÇ║ flexible falls back to a duration hint or a generic label

    expect(received).toEqual(expected) // deep equality

    - Expected  - 1
    + Received  + 1

      Object {
        "icon": "ΓÅ▒",
    -   "label": "~~4 hrs",
    +   "label": "~4 hrs",
        "variant": "muted",
      }

       99 |
      100 |   test('flexible falls back to a duration hint or a generic label', () => {
    > 101 |     expect(getScheduleChip('flexible', null, null, 240)).toEqual({
          |                                                          ^
      102 |       label: '~~4 hrs',
      103 |       icon: 'ΓÅ▒',
      104 |       variant: 'muted',

      at Object.<anonymous> (__tests__/lib/utils/schedule-utils.test.ts:101:58)

  ΓùÅ getScheduleChip ΓÇ║ scheduled ΓÇö no dates ΓÇ║ uses duration as a fallback when present

    expect(received).toEqual(expected) // deep equality

    - Expected  - 1
    + Received  + 1

      Object {
        "icon": "Γî¢",
    -   "label": "~~2 hrs",
    +   "label": "~2 hrs",
        "variant": "muted",
      }

      168 |     test('uses duration as a fallback when present', () => {
      169 |       const chip = getScheduleChip('scheduled', null, null, 120);
    > 170 |       expect(chip).toEqual({ label: '~~2 hrs', icon: 'Γî¢', variant: 'muted' });
          |                    ^
      171 |     });
      172 |
      173 |     test('returns null when nothing else is known', () => {

      at Object.<anonymous> (__tests__/lib/utils/schedule-utils.test.ts:170:20)

(node:3836) [DEP0040] DeprecationWarning: The `punycode` module is deprecated. Please use a userland alternative instead.
(Use `node --trace-deprecation ...` to show where the warning was created)
PASS __tests__/unit/services/stripe-service.test.ts
PASS services/api/__tests__/payments.test.ts
  ΓùÅ Console

    console.error
      [payments] STRIPE_WEBHOOK_SECRET not configured - webhook endpoint disabled

      431 |       return;
      432 |     }
    > 433 |     originalError(...args);
          |     ^
      434 |   },
      435 |   warn: jest.fn(),
      436 |   log: jest.fn(),

      at error (jest.setup.js:433:5)
      at Object.error (services/api/src/services/logger.ts:11:70)
      at Object.<anonymous> (services/api/src/routes/payments.ts:866:16)
      at preHandlerCallback (node_modules/fastify/lib/handleRequest.js:139:37)
      at validationCompleted (node_modules/fastify/lib/handleRequest.js:123:5)
      at preValidationCallback (node_modules/fastify/lib/handleRequest.js:100:5)
      at handler (node_modules/fastify/lib/handleRequest.js:77:7)
      at node_modules/fastify/lib/contentTypeParser.js:199:9
      at done (node_modules/fastify/lib/contentTypeParser.js:192:14)
      at Parser.defaultJsonParser [as fn] (node_modules/fastify/lib/contentTypeParser.js:304:5)
      at Request.onEnd (node_modules/fastify/lib/contentTypeParser.js:283:27)

PASS __tests__/unit/utils/schedule-utils.test.ts
PASS __tests__/unit/security/encryption-utils.test.ts
  ΓùÅ Console

    console.error
      [Encryption] Failed to decrypt message: Error: Decryption failed: authentication tag mismatch or wrong keys
          at decryptMessage (C:\Users\Kodak\Documents\GitHub\bountyexpo\Bounty-production\lib\security\encryption-utils.ts:228:13)
          at Object.<anonymous> (C:\Users\Kodak\Documents\GitHub\bountyexpo\Bounty-production\__tests__\unit\security\encryption-utils.test.ts:100:34)
          at processTicksAndRejections (node:internal/process/task_queues:105:5)

      431 |       return;
      432 |     }
    > 433 |     originalError(...args);
          |     ^
      434 |   },
      435 |   warn: jest.fn(),
      436 |   log: jest.fn(),

      at Object.error (jest.setup.js:433:5)
      at decryptMessage (lib/security/encryption-utils.ts:233:13)
      at Object.<anonymous> (__tests__/unit/security/encryption-utils.test.ts:100:34)

    console.error
      [Encryption] Failed to decrypt message: Error: Decryption failed: authentication tag mismatch or wrong keys
          at decryptMessage (C:\Users\Kodak\Documents\GitHub\bountyexpo\Bounty-production\lib\security\encryption-utils.ts:228:13)
          at Object.<anonymous> (C:\Users\Kodak\Documents\GitHub\bountyexpo\Bounty-production\__tests__\unit\security\encryption-utils.test.ts:117:34)
          at processTicksAndRejections (node:internal/process/task_queues:105:5)

      431 |       return;
      432 |     }
    > 433 |     originalError(...args);
          |     ^
      434 |   },
      435 |   warn: jest.fn(),
      436 |   log: jest.fn(),

      at Object.error (jest.setup.js:433:5)
      at decryptMessage (lib/security/encryption-utils.ts:233:13)
      at Object.<anonymous> (__tests__/unit/security/encryption-utils.test.ts:117:34)

PASS services/api/src/__tests__/stripe-safeguards.test.ts (5.633 s)
  ΓùÅ Console

    console.debug
      {
        userId: 'system',
        event: 'stripe_call_failed',
        properties: {
          idempotencyKey: 'dup_key',
          error: 'Duplicate idempotency key',
          timestamp: '2026-07-07T23:51:59.288Z',
          source: 'backend'
        }
      } Event tracked

      at Object.debug (services/api/src/services/logger.ts:11:70)

    console.debug
      {
        userId: 'system',
        event: 'stripe_call_failed',
        properties: {
          idempotencyKey: 'k1',
          error: 'stripe failure',
          timestamp: '2026-07-07T23:51:59.343Z',
          source: 'backend'
        }
      } Event tracked

      at Object.debug (services/api/src/services/logger.ts:11:70)

    console.debug
      {
        userId: 'system',
        event: 'stripe_call_success',
        properties: {
          idempotencyKey: 'k2',
          timestamp: '2026-07-07T23:51:59.351Z',
          source: 'backend'
        }
      } Event tracked

      at Object.debug (services/api/src/services/logger.ts:11:70)

PASS __tests__/unit/services/stripe-connect-service.test.ts (5.661 s)
  ΓùÅ Console

    console.debug
      {
        userId: 'system',
        event: 'stripe_call_success',
        properties: {
          idempotencyKey: 'refund_pi_test123_bounty123',
          timestamp: '2026-07-07T23:51:59.276Z',
          source: 'backend'
        }
      } Event tracked

      at Object.debug (services/api/src/services/logger.ts:11:70)

    console.debug
      {
        userId: 'system',
        event: 'stripe_call_success',
        properties: {
          idempotencyKey: 'refund_pi_test123_bounty123',
          timestamp: '2026-07-07T23:51:59.329Z',
          source: 'backend'
        }
      } Event tracked

      at Object.debug (services/api/src/services/logger.ts:11:70)

    console.debug
      {
        userId: 'system',
        event: 'stripe_call_success',
        properties: {
          idempotencyKey: 'refund_pi_test123_bounty123',
          timestamp: '2026-07-07T23:51:59.332Z',
          source: 'backend'
        }
      } Event tracked

      at Object.debug (services/api/src/services/logger.ts:11:70)

    console.debug
      {
        userId: 'system',
        event: 'stripe_call_failed',
        properties: {
          idempotencyKey: 'refund_pi_test123_bounty123',
          error: 'Refund already processed',
          timestamp: '2026-07-07T23:51:59.334Z',
          source: 'backend'
        }
      } Event tracked

      at Object.debug (services/api/src/services/logger.ts:11:70)

    console.error
      Error handling webhook: SyntaxError: Unexpected token 'i', "invalid_payload" is not valid JSON
          at JSON.parse (<anonymous>)
          at Object.<anonymous> (C:\Users\Kodak\Documents\GitHub\bountyexpo\Bounty-production\__tests__\unit\services\stripe-connect-service.test.ts:94:64)
          at C:\Users\Kodak\Documents\GitHub\bountyexpo\Bounty-production\node_modules\jest-environment-node\node_modules\jest-mock\build\index.js:305:39
          at Object.<anonymous> (C:\Users\Kodak\Documents\GitHub\bountyexpo\Bounty-production\node_modules\jest-environment-node\node_modules\jest-mock\build\index.js:312:13)
          at Object.mockConstructor [as constructEvent] (C:\Users\Kodak\Documents\GitHub\bountyexpo\Bounty-production\node_modules\jest-environment-node\node_modules\jest-mock\build\index.js:67:19)
          at StripeConnectService.handleWebhook (C:\Users\Kodak\Documents\GitHub\bountyexpo\Bounty-production\services\api\src\services\stripe-connect-service.ts:436:43)
          at Object.<anonymous> (C:\Users\Kodak\Documents\GitHub\bountyexpo\Bounty-production\__tests__\unit\services\stripe-connect-service.test.ts:624:30)
          at Promise.then.completed (C:\Users\Kodak\Documents\GitHub\bountyexpo\Bounty-production\node_modules\jest-circus\build\utils.js:298:28)
          at new Promise (<anonymous>)
          at callAsyncCircusFn (C:\Users\Kodak\Documents\GitHub\bountyexpo\Bounty-production\node_modules\jest-circus\build\utils.js:231:10)
          at _callCircusTest (C:\Users\Kodak\Documents\GitHub\bountyexpo\Bounty-production\node_modules\jest-circus\build\run.js:316:40)
          at processTicksAndRejections (node:internal/process/task_queues:105:5)
          at _runTest (C:\Users\Kodak\Documents\GitHub\bountyexpo\Bounty-production\node_modules\jest-circus\build\run.js:252:3)
          at _runTestsForDescribeBlock (C:\Users\Kodak\Documents\GitHub\bountyexpo\Bounty-production\node_modules\jest-circus\build\run.js:126:9)
          at _runTestsForDescribeBlock (C:\Users\Kodak\Documents\GitHub\bountyexpo\Bounty-production\node_modules\jest-circus\build\run.js:121:9)
          at _runTestsForDescribeBlock (C:\Users\Kodak\Documents\GitHub\bountyexpo\Bounty-production\node_modules\jest-circus\build\run.js:121:9)
          at run (C:\Users\Kodak\Documents\GitHub\bountyexpo\Bounty-production\node_modules\jest-circus\build\run.js:71:3)
          at runAndTransformResultsToJestFormat (C:\Users\Kodak\Documents\GitHub\bountyexpo\Bounty-production\node_modules\jest-circus\build\legacy-code-todo-rewrite\jestAdapterInit.js:122:21)
          at jestAdapter (C:\Users\Kodak\Documents\GitHub\bountyexpo\Bounty-production\node_modules\jest-circus\build\legacy-code-todo-rewrite\jestAdapter.js:79:19)
          at runTestInternal (C:\Users\Kodak\Documents\GitHub\bountyexpo\Bounty-production\node_modules\jest-runner\build\runTest.js:367:16)
          at runTest (C:\Users\Kodak\Documents\GitHub\bountyexpo\Bounty-production\node_modules\jest-runner\build\runTest.js:444:34)
          at Object.worker (C:\Users\Kodak\Documents\GitHub\bountyexpo\Bounty-production\node_modules\jest-runner\build\testWorker.js:106:12)

      431 |       return;
      432 |     }
    > 433 |     originalError(...args);
          |     ^
      434 |   },
      435 |   warn: jest.fn(),
      436 |   log: jest.fn(),

      at Object.error (jest.setup.js:433:5)
      at StripeConnectService.handleWebhook (services/api/src/services/stripe-connect-service.ts:450:15)
      at Object.<anonymous> (__tests__/unit/services/stripe-connect-service.test.ts:624:30)

PASS services/api/src/__tests__/reconciliation.test.ts (5.712 s)
  ΓùÅ Console

    console.error
      {
        err: TypeError: admin.from(...).update(...).eq is not a function
            at ReconciliationCronService.runOnce (C:\Users\Kodak\Documents\GitHub\bountyexpo\Bounty-production\services\api\src\services\reconciliation-cron.ts:99:18)
            at processTicksAndRejections (node:internal/process/task_queues:105:5)
            at Object.<anonymous> (C:\Users\Kodak\Documents\GitHub\bountyexpo\Bounty-production\services\api\src\__tests__\reconciliation.test.ts:63:5),
        txId: 'tx1'
      } [reconciliation] Error reconciling transfer transaction

      431 |       return;
      432 |     }
    > 433 |     originalError(...args);
          |     ^
      434 |   },
      435 |   warn: jest.fn(),
      436 |   log: jest.fn(),

      at error (jest.setup.js:433:5)
      at Object.error (services/api/src/services/logger.ts:11:70)
      at ReconciliationCronService.runOnce (services/api/src/services/reconciliation-cron.ts:117:20)
      at Object.<anonymous> (services/api/src/__tests__/reconciliation.test.ts:63:5)

    console.error
      {
        err: TypeError: admin.from(...).update(...).eq is not a function
            at ReconciliationCronService.runOnce (C:\Users\Kodak\Documents\GitHub\bountyexpo\Bounty-production\services\api\src\services\reconciliation-cron.ts:153:18)
            at processTicksAndRejections (node:internal/process/task_queues:105:5)
            at Object.<anonymous> (C:\Users\Kodak\Documents\GitHub\bountyexpo\Bounty-production\services\api\src\__tests__\reconciliation.test.ts:63:5),
        txId: 'tx1'
      } [reconciliation] Error reconciling payment intent transaction

      431 |       return;
      432 |     }
    > 433 |     originalError(...args);
          |     ^
      434 |   },
      435 |   warn: jest.fn(),
      436 |   log: jest.fn(),

      at error (jest.setup.js:433:5)
      at Object.error (services/api/src/services/logger.ts:11:70)
      at ReconciliationCronService.runOnce (services/api/src/services/reconciliation-cron.ts:171:20)
      at Object.<anonymous> (services/api/src/__tests__/reconciliation.test.ts:63:5)

    console.error
      {
        err: TypeError: admin.from(...).select(...).in is not a function
            at ReconciliationCronService.runOnce (C:\Users\Kodak\Documents\GitHub\bountyexpo\Bounty-production\services\api\src\services\reconciliation-cron.ts:195:12)
            at processTicksAndRejections (node:internal/process/task_queues:105:5)
            at Object.<anonymous> (C:\Users\Kodak\Documents\GitHub\bountyexpo\Bounty-production\services\api\src\__tests__\reconciliation.test.ts:63:5)
      } [reconciliation] Error during balance refund recovery loop

      431 |       return;
      432 |     }
    > 433 |     originalError(...args);
          |     ^
      434 |   },
      435 |   warn: jest.fn(),
      436 |   log: jest.fn(),

      at error (jest.setup.js:433:5)
      at Object.error (services/api/src/services/logger.ts:11:70)
      at ReconciliationCronService.runOnce (services/api/src/services/reconciliation-cron.ts:282:14)
      at Object.<anonymous> (services/api/src/__tests__/reconciliation.test.ts:63:5)

    console.error
      {
        err: TypeError: admin.from(...).update(...).eq is not a function
            at ReconciliationCronService.runOnce (C:\Users\Kodak\Documents\GitHub\bountyexpo\Bounty-production\services\api\src\services\reconciliation-cron.ts:99:18)
            at processTicksAndRejections (node:internal/process/task_queues:105:5)
            at Object.<anonymous> (C:\Users\Kodak\Documents\GitHub\bountyexpo\Bounty-production\services\api\src\__tests__\reconciliation.test.ts:67:5),
        txId: 'tx2'
      } [reconciliation] Error reconciling transfer transaction

      431 |       return;
      432 |     }
    > 433 |     originalError(...args);
          |     ^
      434 |   },
      435 |   warn: jest.fn(),
      436 |   log: jest.fn(),

      at error (jest.setup.js:433:5)
      at Object.error (services/api/src/services/logger.ts:11:70)
      at ReconciliationCronService.runOnce (services/api/src/services/reconciliation-cron.ts:117:20)
      at Object.<anonymous> (services/api/src/__tests__/reconciliation.test.ts:67:5)

    console.error
      {
        err: TypeError: admin.from(...).update(...).eq is not a function
            at ReconciliationCronService.runOnce (C:\Users\Kodak\Documents\GitHub\bountyexpo\Bounty-production\services\api\src\services\reconciliation-cron.ts:153:18)
            at processTicksAndRejections (node:internal/process/task_queues:105:5)
            at Object.<anonymous> (C:\Users\Kodak\Documents\GitHub\bountyexpo\Bounty-production\services\api\src\__tests__\reconciliation.test.ts:67:5),
        txId: 'tx2'
      } [reconciliation] Error reconciling payment intent transaction

      431 |       return;
      432 |     }
    > 433 |     originalError(...args);
          |     ^
      434 |   },
      435 |   warn: jest.fn(),
      436 |   log: jest.fn(),

      at error (jest.setup.js:433:5)
      at Object.error (services/api/src/services/logger.ts:11:70)
      at ReconciliationCronService.runOnce (services/api/src/services/reconciliation-cron.ts:171:20)
      at Object.<anonymous> (services/api/src/__tests__/reconciliation.test.ts:67:5)

    console.error
      {
        err: TypeError: admin.from(...).select(...).in is not a function
            at ReconciliationCronService.runOnce (C:\Users\Kodak\Documents\GitHub\bountyexpo\Bounty-production\services\api\src\services\reconciliation-cron.ts:195:12)
            at processTicksAndRejections (node:internal/process/task_queues:105:5)
            at Object.<anonymous> (C:\Users\Kodak\Documents\GitHub\bountyexpo\Bounty-production\services\api\src\__tests__\reconciliation.test.ts:67:5)
      } [reconciliation] Error during balance refund recovery loop

      431 |       return;
      432 |     }
    > 433 |     originalError(...args);
          |     ^
      434 |   },
      435 |   warn: jest.fn(),
      436 |   log: jest.fn(),

      at error (jest.setup.js:433:5)
      at Object.error (services/api/src/services/logger.ts:11:70)
      at ReconciliationCronService.runOnce (services/api/src/services/reconciliation-cron.ts:282:14)
      at Object.<anonymous> (services/api/src/__tests__/reconciliation.test.ts:67:5)

PASS __tests__/unit/services/stripe-service-facade.test.ts
(node:11248) [DEP0040] DeprecationWarning: The `punycode` module is deprecated. Please use a userland alternative instead.
(Use `node --trace-deprecation ...` to show where the warning was created)
PASS services/api/src/__tests__/monitoring.test.ts
  ΓùÅ Console

    console.info
      [metrics] Metrics collector initialized

      at Object.info (services/api/src/services/logger.ts:11:70)

    console.info
      { name: 'high_error_rate', severity: 'critical' } [alerts] Added alert rule

      at Object.info (services/api/src/services/logger.ts:11:70)

    console.info
      { name: 'slow_api_response_time', severity: 'critical' } [alerts] Added alert rule

      at Object.info (services/api/src/services/logger.ts:11:70)

    console.info
      { name: 'slow_database_query', severity: 'critical' } [alerts] Added alert rule

      at Object.info (services/api/src/services/logger.ts:11:70)

    console.info
      { name: 'db_connection_failures', severity: 'critical' } [alerts] Added alert rule

      at Object.info (services/api/src/services/logger.ts:11:70)

    console.info
      { name: 'payment_failure_rate', severity: 'critical' } [alerts] Added alert rule

      at Object.info (services/api/src/services/logger.ts:11:70)

    console.info
      { name: 'websocket_surge', severity: 'warning' } [alerts] Added alert rule

      at Object.info (services/api/src/services/logger.ts:11:70)

    console.info
      [alerts] Alerting service initialized

      at Object.info (services/api/src/services/logger.ts:11:70)

    console.info
      [business-metrics] Business metrics service initialized

      at Object.info (services/api/src/services/logger.ts:11:70)

    console.debug
      { bountyId: 'bounty-1', userId: 'user-1', amountCents: 10000 } [business-metrics] Bounty created

      at Object.debug (services/api/src/services/logger.ts:11:70)

    console.debug
      { bountyId: 'bounty-1', hunterId: 'hunter-1' } [business-metrics] Bounty accepted

      at Object.debug (services/api/src/services/logger.ts:11:70)

    console.debug
      { bountyId: 'bounty-1', hunterId: 'hunter-1', amountCents: 10000 } [business-metrics] Bounty completed

      at Object.debug (services/api/src/services/logger.ts:11:70)

    console.debug
      { bountyId: 'bounty-1', userId: 'user-1', amountCents: 10000 } [business-metrics] Bounty created

      at Object.debug (services/api/src/services/logger.ts:11:70)

    console.debug
      { bountyId: 'bounty-2', userId: 'user-1', amountCents: 20000 } [business-metrics] Bounty created

      at Object.debug (services/api/src/services/logger.ts:11:70)

    console.debug
      { bountyId: 'bounty-1', hunterId: 'hunter-1', amountCents: 10000 } [business-metrics] Bounty completed

      at Object.debug (services/api/src/services/logger.ts:11:70)

    console.debug
      {
        success: true,
        amountCents: 10000,
        paymentType: 'escrow',
        userId: 'user-1',
        bountyId: 'bounty-1'
      } [business-metrics] Payment tracked

      at Object.debug (services/api/src/services/logger.ts:11:70)

    console.debug
      {
        success: true,
        amountCents: 15000,
        paymentType: 'release',
        userId: 'user-2',
        bountyId: 'bounty-2'
      } [business-metrics] Payment tracked

      at Object.debug (services/api/src/services/logger.ts:11:70)

    console.debug
      {
        success: false,
        amountCents: 5000,
        paymentType: 'escrow',
        userId: 'user-3',
        bountyId: 'bounty-3'
      } [business-metrics] Payment tracked

      at Object.debug (services/api/src/services/logger.ts:11:70)

    console.debug
      { userId: 'user-1', method: 'email' } [business-metrics] User signup tracked

      at Object.debug (services/api/src/services/logger.ts:11:70)

    console.debug
      { userId: 'user-2', method: 'social' } [business-metrics] User signup tracked

      at Object.debug (services/api/src/services/logger.ts:11:70)

PASS __tests__/integration/api/bounty-requests.test.ts
  ΓùÅ Console

    console.error
      [auto-migrate] failed: Cannot read properties of undefined (reading 'query')

      431 |       return;
      432 |     }
    > 433 |     originalError(...args);
          |     ^
      434 |   },
      435 |   warn: jest.fn(),
      436 |   log: jest.fn(),

      at Object.error (jest.setup.js:433:5)
      at api/server.js:172:15

    console.error
      TypeError: fetch failed
          at node:internal/deps/undici/undici:13484:13
          at processTicksAndRejections (node:internal/process/task_queues:105:5)
          at _handleRequest (C:\Users\Kodak\Documents\GitHub\bountyexpo\Bounty-production\node_modules\@supabase\auth-js\src\lib\fetch.ts:187:14)
          at _request (C:\Users\Kodak\Documents\GitHub\bountyexpo\Bounty-production\node_modules\@supabase\auth-js\src\lib\fetch.ts:160:16)
          at GoTrueAdminApi.listUsers (C:\Users\Kodak\Documents\GitHub\bountyexpo\Bounty-production\node_modules\@supabase\auth-js\src\GoTrueAdminApi.ts:508:24)
          at C:\Users\Kodak\Documents\GitHub\bountyexpo\Bounty-production\api\server.js:116:22 {
        [cause]: Error: getaddrinfo ENOTFOUND test.supabase.co
            at GetAddrInfoReqWrap.onlookupall [as oncomplete] (node:dns:120:26) {
          errno: -3008,
          code: 'ENOTFOUND',
          syscall: 'getaddrinfo',
          hostname: 'test.supabase.co'
        }
      }

      431 |       return;
      432 |     }
    > 433 |     originalError(...args);
          |     ^
      434 |   },
      435 |   warn: jest.fn(),
      436 |   log: jest.fn(),

      at Object.error (jest.setup.js:433:5)
      at _handleRequest (node_modules/@supabase/auth-js/src/lib/fetch.ts:191:13)
      at _request (node_modules/@supabase/auth-js/src/lib/fetch.ts:160:16)
      at GoTrueAdminApi.listUsers (node_modules/@supabase/auth-js/src/GoTrueAdminApi.ts:508:24)
      at api/server.js:116:22

PASS __tests__/unit/utils/fetch-with-timeout.test.ts
PASS services/api/src/__tests__/idempotency.test.ts
PASS __tests__/unit/server/index.test.ts
PASS __tests__/integration/websocket-bounty-updates.test.ts
  ΓùÅ Console

    console.error
      An update to HookContainer inside a test was not wrapped in act(...).
      
      When testing, code that causes React state updates should be wrapped into act(...):
      
      act(() => {
        /* fire events that update state */
      });
      /* assert on the output */
      
      This ensures that you're testing the behavior the user would see in the browser. Learn more at https://react.dev/link/wrap-tests-with-act

      431 |       return;
      432 |     }
    > 433 |     originalError(...args);
          |     ^
      434 |   },
      435 |   warn: jest.fn(),
      436 |   log: jest.fn(),

      at Object.error (jest.setup.js:433:5)
      at node_modules/react-test-renderer/cjs/react-test-renderer.development.js:14402:19
      at runWithFiberInDEV (node_modules/react-test-renderer/cjs/react-test-renderer.development.js:2315:13)
      at warnIfUpdatesNotWrappedWithActDEV (node_modules/react-test-renderer/cjs/react-test-renderer.development.js:14401:9)
      at scheduleUpdateOnFiber (node_modules/react-test-renderer/cjs/react-test-renderer.development.js:12086:9)
      at dispatchSetStateInternal (node_modules/react-test-renderer/cjs/react-test-renderer.development.js:6208:13)
      at dispatchSetState (node_modules/react-test-renderer/cjs/react-test-renderer.development.js:6165:7)
      at hooks/useCachedData.ts:50:9

    console.error
      An update to HookContainer inside a test was not wrapped in act(...).
      
      When testing, code that causes React state updates should be wrapped into act(...):
      
      act(() => {
        /* fire events that update state */
      });
      /* assert on the output */
      
      This ensures that you're testing the behavior the user would see in the browser. Learn more at https://react.dev/link/wrap-tests-with-act

      431 |       return;
      432 |     }
    > 433 |     originalError(...args);
          |     ^
      434 |   },
      435 |   warn: jest.fn(),
      436 |   log: jest.fn(),

      at Object.error (jest.setup.js:433:5)
      at node_modules/react-test-renderer/cjs/react-test-renderer.development.js:14402:19
      at runWithFiberInDEV (node_modules/react-test-renderer/cjs/react-test-renderer.development.js:2315:13)
      at warnIfUpdatesNotWrappedWithActDEV (node_modules/react-test-renderer/cjs/react-test-renderer.development.js:14401:9)
      at scheduleUpdateOnFiber (node_modules/react-test-renderer/cjs/react-test-renderer.development.js:12086:9)
      at dispatchSetStateInternal (node_modules/react-test-renderer/cjs/react-test-renderer.development.js:6208:13)
      at dispatchSetState (node_modules/react-test-renderer/cjs/react-test-renderer.development.js:6165:7)
      at hooks/useCachedData.ts:51:9

    console.error
      An update to HookContainer inside a test was not wrapped in act(...).
      
      When testing, code that causes React state updates should be wrapped into act(...):
      
      act(() => {
        /* fire events that update state */
      });
      /* assert on the output */
      
      This ensures that you're testing the behavior the user would see in the browser. Learn more at https://react.dev/link/wrap-tests-with-act

      431 |       return;
      432 |     }
    > 433 |     originalError(...args);
          |     ^
      434 |   },
      435 |   warn: jest.fn(),
      436 |   log: jest.fn(),

      at Object.error (jest.setup.js:433:5)
      at node_modules/react-test-renderer/cjs/react-test-renderer.development.js:14402:19
      at runWithFiberInDEV (node_modules/react-test-renderer/cjs/react-test-renderer.development.js:2315:13)
      at warnIfUpdatesNotWrappedWithActDEV (node_modules/react-test-renderer/cjs/react-test-renderer.development.js:14401:9)
      at scheduleUpdateOnFiber (node_modules/react-test-renderer/cjs/react-test-renderer.development.js:12086:9)
      at dispatchSetStateInternal (node_modules/react-test-renderer/cjs/react-test-renderer.development.js:6208:13)
      at dispatchSetState (node_modules/react-test-renderer/cjs/react-test-renderer.development.js:6165:7)
      at hooks/useCachedData.ts:58:9

PASS __tests__/integration/api/payment-flows.test.ts
PASS __tests__/unit/hooks/useConversations.test.ts
  ΓùÅ Console

    console.debug
      [config] env diagnostics {
        supabaseUrlSource: 'FALLBACK',
        supabaseAnonSource: 'FALLBACK',
        apiBaseUrlSource: null,
        supabaseUrlPrefix: 'https://test.supabase.co',
        supabaseAnonResolved: true,
        apiBaseUrlPrefix: '(not set)'
      }

      at Object.<anonymous> (lib/config.ts:71:11)

    console.debug
      [supabase.debug] env { hasUrl: true, urlPrefix: 'https://test.supabase.co', hasKey: true }

      at initSupabase (lib/supabase.ts:109:11)

    console.debug
      [config] env diagnostics {
        supabaseUrlSource: 'FALLBACK',
        supabaseAnonSource: 'FALLBACK',
        apiBaseUrlSource: null,
        supabaseUrlPrefix: 'https://test.supabase.co',
        supabaseAnonResolved: true,
        apiBaseUrlPrefix: '(not set)'
      }

      at Object.<anonymous> (lib/config.ts:71:11)

    console.debug
      [supabase.debug] env { hasUrl: true, urlPrefix: 'https://test.supabase.co', hasKey: true }

      at initSupabase (lib/supabase.ts:109:11)

    console.error
      [ERROR] Background cache update failed {
        key: 'conversations_list_valid-user-id',
        error: {
          name: 'Error',
          message: 'Failed to fetch',
          stack: 'Error: Failed to fetch\n' +
            '    at Object.<anonymous> (C:\\Users\\Kodak\\Documents\\GitHub\\bountyexpo\\Bounty-production\\__tests__\\unit\\hooks\\useConversations.test.ts:58:23)\n' +
            '    at Promise.then.completed (C:\\Users\\Kodak\\Documents\\GitHub\\bountyexpo\\Bounty-production\\node_modules\\jest-circus\\build\\utils.js:298:28)\n' +
            '    at new Promise (<anonymous>)\n' +
            '    at callAsyncCircusFn (C:\\Users\\Kodak\\Documents\\GitHub\\bountyexpo\\Bounty-production\\node_modules\\jest-circus\\build\\utils.js:231:10)\n' +
            '    at _callCircusTest (C:\\Users\\Kodak\\Documents\\GitHub\\bountyexpo\\Bounty-production\\node_modules\\jest-circus\\build\\run.js:316:40)\n' +
            '    at _runTest (C:\\Users\\Kodak\\Documents\\GitHub\\bountyexpo\\Bounty-production\\node_modules\\jest-circus\\build\\run.js:252:3)\n' +
            '    at _runTestsForDescribeBlock (C:\\Users\\Kodak\\Documents\\GitHub\\bountyexpo\\Bounty-production\\node_modules\\jest-circus\\build\\run.js:126:9)\n' +
            '    at _runTestsForDescribeBlock (C:\\Users\\Kodak\\Documents\\GitHub\\bountyexpo\\Bounty-production\\node_modules\\jest-circus\\build\\run.js:121:9)\n' +
            '    at run (C:\\Users\\Kodak\\Documents\\GitHub\\bountyexpo\\Bounty-production\\node_modules\\jest-circus\\build\\run.js:71:3)\n' +
            '    at runAndTransformResultsToJestFormat (C:\\Users\\Kodak\\Documents\\GitHub\\bountyexpo\\Bounty-production\\node_modules\\jest-circus\\build\\legacy-code-todo-rewrite\\jestAdapterInit.js:122:21)\n' +
            '    at jestAdapter (C:\\Users\\Kodak\\Documents\\GitHub\\bountyexpo\\Bounty-production\\node_modules\\jest-circus\\build\\legacy-code-todo-rewrite\\jestAdapter.js:79:19)\n' +
            '    at runTestInternal (C:\\Users\\Kodak\\Documents\\GitHub\\bountyexpo\\Bounty-production\\node_modules\\jest-runner\\build\\runTest.js:367:16)\n' +
            '    at runTest (C:\\Users\\Kodak\\Documents\\GitHub\\bountyexpo\\Bounty-production\\node_modules\\jest-runner\\build\\runTest.js:444:34)\n' +
            '    at Object.worker (C:\\Users\\Kodak\\Documents\\GitHub\\bountyexpo\\Bounty-production\\node_modules\\jest-runner\\build\\testWorker.js:106:12)'
        }
      }

      431 |       return;
      432 |     }
    > 433 |     originalError(...args);
          |     ^
      434 |   },
      435 |   warn: jest.fn(),
      436 |   log: jest.fn(),

      at Object.error (jest.setup.js:433:5)
      at ErrorLogger.log (lib/utils/error-logger.ts:149:17)
      at ErrorLogger.error (lib/utils/error-logger.ts:165:10)
      at lib/services/cached-data-service.ts:258:22

(node:31464) [DEP0040] DeprecationWarning: The `punycode` module is deprecated. Please use a userland alternative instead.
(Use `node --trace-deprecation ...` to show where the warning was created)
PASS services/api/src/routes/__tests__/notifications.test.ts
  ΓùÅ Console

    console.error
      Γ¥î Error registering push token for user user-1: User profile issue: ...

      431 |       return;
      432 |     }
    > 433 |     originalError(...args);
          |     ^
      434 |   },
      435 |   warn: jest.fn(),
      436 |   log: jest.fn(),

      at Object.error (jest.setup.js:433:5)
      at services/api/src/routes/notifications.ts:142:15
      at Object.<anonymous> (services/api/src/routes/__tests__/notifications.test.ts:48:5)

PASS __tests__/server/index.test.js
PASS __tests__/services/consolidated-wallet-service.test.ts
PASS __tests__/components/add-money-apple-pay.test.tsx
PASS __tests__/unit/services/payment-methods-service.test.ts
PASS __tests__/unit/services/consolidated-wallet-service.test.ts
PASS __tests__/components/edit-profile-screen.test.tsx
PASS services/api/src/__tests__/completion-release-webhook.test.ts
  ΓùÅ Console

    console.error
      [completion-release] Webhook raw body is not available as string/Buffer. Ensure express.raw({ type: "application/json" }) is configured for this route.

      431 |       return;
      432 |     }
    > 433 |     originalError(...args);
          |     ^
      434 |   },
      435 |   warn: jest.fn(),
      436 |   log: jest.fn(),

      at Object.error (jest.setup.js:433:5)
      at services/api/src/routes/completion-release.ts:132:15
      at Object.<anonymous> (services/api/src/__tests__/completion-release-webhook.test.ts:141:13)

    console.error
      [completion-release] Webhook signature verification failed: No signatures found matching the expected signature for payload

      431 |       return;
      432 |     }
    > 433 |     originalError(...args);
          |     ^
      434 |   },
      435 |   warn: jest.fn(),
      436 |   log: jest.fn(),

      at Object.error (jest.setup.js:433:5)
      at services/api/src/routes/completion-release.ts:141:13
      at Object.<anonymous> (services/api/src/__tests__/completion-release-webhook.test.ts:157:13)

    console.error
      [completion-release] Webhook signature verification failed: Signature mismatch

      431 |       return;
      432 |     }
    > 433 |     originalError(...args);
          |     ^
      434 |   },
      435 |   warn: jest.fn(),
      436 |   log: jest.fn(),

      at Object.error (jest.setup.js:433:5)
      at services/api/src/routes/completion-release.ts:141:13
      at Object.<anonymous> (services/api/src/__tests__/completion-release-webhook.test.ts:175:13)

PASS __tests__/unit/hooks/useAppBootstrap.test.ts
PASS __tests__/integration/api/payment-endpoints.test.ts
PASS __tests__/integration/auth-persistence.test.tsx
  ΓùÅ Console

    console.error
      An update to AuthProvider inside a test was not wrapped in act(...).
      
      When testing, code that causes React state updates should be wrapped into act(...):
      
      act(() => {
        /* fire events that update state */
      });
      /* assert on the output */
      
      This ensures that you're testing the behavior the user would see in the browser. Learn more at https://react.dev/link/wrap-tests-with-act

      431 |       return;
      432 |     }
    > 433 |     originalError(...args);
          |     ^
      434 |   },
      435 |   warn: jest.fn(),
      436 |   log: jest.fn(),

      at Object.error (jest.setup.js:433:5)
      at node_modules/react-test-renderer/cjs/react-test-renderer.development.js:14402:19
      at runWithFiberInDEV (node_modules/react-test-renderer/cjs/react-test-renderer.development.js:2315:13)
      at warnIfUpdatesNotWrappedWithActDEV (node_modules/react-test-renderer/cjs/react-test-renderer.development.js:14401:9)
      at scheduleUpdateOnFiber (node_modules/react-test-renderer/cjs/react-test-renderer.development.js:12086:9)
      at dispatchSetStateInternal (node_modules/react-test-renderer/cjs/react-test-renderer.development.js:6208:13)
      at dispatchSetState (node_modules/react-test-renderer/cjs/react-test-renderer.development.js:6165:7)
      at providers/auth-provider.tsx:446:9
      at Object.<anonymous> (__tests__/integration/auth-persistence.test.tsx:453:24)

    console.error
      An update to AuthProvider inside a test was not wrapped in act(...).
      
      When testing, code that causes React state updates should be wrapped into act(...):
      
      act(() => {
        /* fire events that update state */
      });
      /* assert on the output */
      
      This ensures that you're testing the behavior the user would see in the browser. Learn more at https://react.dev/link/wrap-tests-with-act

      431 |       return;
      432 |     }
    > 433 |     originalError(...args);
          |     ^
      434 |   },
      435 |   warn: jest.fn(),
      436 |   log: jest.fn(),

      at Object.error (jest.setup.js:433:5)
      at node_modules/react-test-renderer/cjs/react-test-renderer.development.js:14402:19
      at runWithFiberInDEV (node_modules/react-test-renderer/cjs/react-test-renderer.development.js:2315:13)
      at warnIfUpdatesNotWrappedWithActDEV (node_modules/react-test-renderer/cjs/react-test-renderer.development.js:14401:9)
      at scheduleUpdateOnFiber (node_modules/react-test-renderer/cjs/react-test-renderer.development.js:12086:9)
      at dispatchSetStateInternal (node_modules/react-test-renderer/cjs/react-test-renderer.development.js:6208:13)
      at dispatchSetState (node_modules/react-test-renderer/cjs/react-test-renderer.development.js:6165:7)
      at providers/auth-provider.tsx:450:7
      at Object.<anonymous> (__tests__/integration/auth-persistence.test.tsx:453:24)

    console.error
      An update to AuthProvider inside a test was not wrapped in act(...).
      
      When testing, code that causes React state updates should be wrapped into act(...):
      
      act(() => {
        /* fire events that update state */
      });
      /* assert on the output */
      
      This ensures that you're testing the behavior the user would see in the browser. Learn more at https://react.dev/link/wrap-tests-with-act

      431 |       return;
      432 |     }
    > 433 |     originalError(...args);
          |     ^
      434 |   },
      435 |   warn: jest.fn(),
      436 |   log: jest.fn(),

      at Object.error (jest.setup.js:433:5)
      at node_modules/react-test-renderer/cjs/react-test-renderer.development.js:14402:19
      at runWithFiberInDEV (node_modules/react-test-renderer/cjs/react-test-renderer.development.js:2315:13)
      at warnIfUpdatesNotWrappedWithActDEV (node_modules/react-test-renderer/cjs/react-test-renderer.development.js:14401:9)
      at scheduleUpdateOnFiber (node_modules/react-test-renderer/cjs/react-test-renderer.development.js:12086:9)
      at dispatchSetStateInternal (node_modules/react-test-renderer/cjs/react-test-renderer.development.js:6208:13)
      at dispatchSetState (node_modules/react-test-renderer/cjs/react-test-renderer.development.js:6165:7)
      at providers/auth-provider.tsx:516:7
      at Object.<anonymous> (__tests__/integration/auth-persistence.test.tsx:453:24)

    console.error
      An update to AuthProvider inside a test was not wrapped in act(...).
      
      When testing, code that causes React state updates should be wrapped into act(...):
      
      act(() => {
        /* fire events that update state */
      });
      /* assert on the output */
      
      This ensures that you're testing the behavior the user would see in the browser. Learn more at https://react.dev/link/wrap-tests-with-act

      431 |       return;
      432 |     }
    > 433 |     originalError(...args);
          |     ^
      434 |   },
      435 |   warn: jest.fn(),
      436 |   log: jest.fn(),

      at Object.error (jest.setup.js:433:5)
      at node_modules/react-test-renderer/cjs/react-test-renderer.development.js:14402:19
      at runWithFiberInDEV (node_modules/react-test-renderer/cjs/react-test-renderer.development.js:2315:13)
      at warnIfUpdatesNotWrappedWithActDEV (node_modules/react-test-renderer/cjs/react-test-renderer.development.js:14401:9)
      at scheduleUpdateOnFiber (node_modules/react-test-renderer/cjs/react-test-renderer.development.js:12086:9)
      at dispatchSetStateInternal (node_modules/react-test-renderer/cjs/react-test-renderer.development.js:6208:13)
      at dispatchSetState (node_modules/react-test-renderer/cjs/react-test-renderer.development.js:6165:7)
      at providers/auth-provider.tsx:793:9
      at Object.<anonymous> (__tests__/integration/auth-persistence.test.tsx:529:12)

PASS services/api/src/__tests__/redis-cluster.test.ts
  ΓùÅ Console

    console.error
      [Redis Cluster] Node scan failed: Error: Node down
          at Object.<anonymous> (C:\Users\Kodak\Documents\GitHub\bountyexpo\Bounty-production\services\api\src\__tests__\redis-cluster.test.ts:723:74)
          at C:\Users\Kodak\Documents\GitHub\bountyexpo\Bounty-production\node_modules\jest-environment-node\node_modules\jest-mock\build\index.js:305:39
          at Object.<anonymous> (C:\Users\Kodak\Documents\GitHub\bountyexpo\Bounty-production\node_modules\jest-environment-node\node_modules\jest-mock\build\index.js:312:13)
          at Object.mockConstructor [as scanStream] (C:\Users\Kodak\Documents\GitHub\bountyexpo\Bounty-production\node_modules\jest-environment-node\node_modules\jest-mock\build\index.js:102:19)
          at C:\Users\Kodak\Documents\GitHub\bountyexpo\Bounty-production\services\api\src\services\redis-service.ts:605:27
          at Array.map (<anonymous>)
          at delPatternCluster (C:\Users\Kodak\Documents\GitHub\bountyexpo\Bounty-production\services\api\src\services\redis-service.ts:603:11)
          at Object.delPattern (C:\Users\Kodak\Documents\GitHub\bountyexpo\Bounty-production\services\api\src\services\redis-service.ts:387:22)
          at Object.<anonymous> (C:\Users\Kodak\Documents\GitHub\bountyexpo\Bounty-production\services\api\src\__tests__\redis-cluster.test.ts:734:19)

      431 |       return;
      432 |     }
    > 433 |     originalError(...args);
          |     ^
      434 |   },
      435 |   warn: jest.fn(),
      436 |   log: jest.fn(),

      at Object.error (jest.setup.js:433:5)
      at delPatternCluster (services/api/src/services/redis-service.ts:636:15)
      at Object.delPattern (services/api/src/services/redis-service.ts:387:16)
      at Object.<anonymous> (services/api/src/__tests__/redis-cluster.test.ts:734:19)

    console.error
      [Redis Cluster] Failed to delete keys on node: Error: CLUSTERDOWN
          at Object.<anonymous> (C:\Users\Kodak\Documents\GitHub\bountyexpo\Bounty-production\services\api\src\__tests__\redis-cluster.test.ts:745:40)
          at Promise.then.completed (C:\Users\Kodak\Documents\GitHub\bountyexpo\Bounty-production\node_modules\jest-circus\build\utils.js:298:28)
          at new Promise (<anonymous>)
          at callAsyncCircusFn (C:\Users\Kodak\Documents\GitHub\bountyexpo\Bounty-production\node_modules\jest-circus\build\utils.js:231:10)
          at _callCircusTest (C:\Users\Kodak\Documents\GitHub\bountyexpo\Bounty-production\node_modules\jest-circus\build\run.js:316:40)
          at _runTest (C:\Users\Kodak\Documents\GitHub\bountyexpo\Bounty-production\node_modules\jest-circus\build\run.js:252:3)
          at _runTestsForDescribeBlock (C:\Users\Kodak\Documents\GitHub\bountyexpo\Bounty-production\node_modules\jest-circus\build\run.js:126:9)
          at _runTestsForDescribeBlock (C:\Users\Kodak\Documents\GitHub\bountyexpo\Bounty-production\node_modules\jest-circus\build\run.js:121:9)
          at run (C:\Users\Kodak\Documents\GitHub\bountyexpo\Bounty-production\node_modules\jest-circus\build\run.js:71:3)
          at runAndTransformResultsToJestFormat (C:\Users\Kodak\Documents\GitHub\bountyexpo\Bounty-production\node_modules\jest-circus\build\legacy-code-todo-rewrite\jestAdapterInit.js:122:21)
          at jestAdapter (C:\Users\Kodak\Documents\GitHub\bountyexpo\Bounty-production\node_modules\jest-circus\build\legacy-code-todo-rewrite\jestAdapter.js:79:19)
          at runTestInternal (C:\Users\Kodak\Documents\GitHub\bountyexpo\Bounty-production\node_modules\jest-runner\build\runTest.js:367:16)
          at runTest (C:\Users\Kodak\Documents\GitHub\bountyexpo\Bounty-production\node_modules\jest-runner\build\runTest.js:444:34)
          at Object.worker (C:\Users\Kodak\Documents\GitHub\bountyexpo\Bounty-production\node_modules\jest-runner\build\testWorker.js:106:12)

      431 |       return;
      432 |     }
    > 433 |     originalError(...args);
          |     ^
      434 |   },
      435 |   warn: jest.fn(),
      436 |   log: jest.fn(),

      at Object.error (jest.setup.js:433:5)
      at services/api/src/services/redis-service.ts:623:19
          at async Promise.allSettled (index 0)
      at delPatternCluster (services/api/src/services/redis-service.ts:602:19)
      at Object.delPattern (services/api/src/services/redis-service.ts:387:16)
      at Object.<anonymous> (services/api/src/__tests__/redis-cluster.test.ts:750:19)

PASS __tests__/server/index.test.ts
  ΓùÅ Console

    console.error
      [PaymentIntent] Error: Cannot read properties of undefined (reading 'create')

      431 |       return;
      432 |     }
    > 433 |     originalError(...args);
          |     ^
      434 |   },
      435 |   warn: jest.fn(),
      436 |   log: jest.fn(),

      at Object.error (jest.setup.js:433:5)
      at server/index.js:386:13

    console.error
      [PaymentConfirm] Error: Cannot read properties of undefined (reading 'retrieve')

      431 |       return;
      432 |     }
    > 433 |     originalError(...args);
          |     ^
      434 |   },
      435 |   warn: jest.fn(),
      436 |   log: jest.fn(),

      at Object.error (jest.setup.js:433:5)
      at server/index.js:809:13
      at Layer.handleRequest (node_modules/router/lib/layer.js:152:17)
      at next (node_modules/router/lib/route.js:157:13)
      at authenticateUser (server/index.js:195:5)

PASS __tests__/unit/utils/date-utils.test.ts
PASS __tests__/components/connect-embedded-webview.test.tsx
PASS services/api/src/__tests__/db-read-replica.test.ts
PASS __tests__/unit/routes/payments.test.ts
PASS __tests__/unit/services/bountyService-wrapper-idempotency.test.ts
  ΓùÅ Console

    console.error
      Error creating bounty: Error: Network failure
          at Object.<anonymous> (C:\Users\Kodak\Documents\GitHub\bountyexpo\Bounty-production\__tests__\unit\services\bountyService-wrapper-idempotency.test.ts:200:52)
          at Promise.then.completed (C:\Users\Kodak\Documents\GitHub\bountyexpo\Bounty-production\node_modules\jest-circus\build\utils.js:298:28)
          at new Promise (<anonymous>)
          at callAsyncCircusFn (C:\Users\Kodak\Documents\GitHub\bountyexpo\Bounty-production\node_modules\jest-circus\build\utils.js:231:10)
          at _callCircusTest (C:\Users\Kodak\Documents\GitHub\bountyexpo\Bounty-production\node_modules\jest-circus\build\run.js:316:40)
          at processTicksAndRejections (node:internal/process/task_queues:105:5)
          at _runTest (C:\Users\Kodak\Documents\GitHub\bountyexpo\Bounty-production\node_modules\jest-circus\build\run.js:252:3)
          at _runTestsForDescribeBlock (C:\Users\Kodak\Documents\GitHub\bountyexpo\Bounty-production\node_modules\jest-circus\build\run.js:126:9)
          at _runTestsForDescribeBlock (C:\Users\Kodak\Documents\GitHub\bountyexpo\Bounty-production\node_modules\jest-circus\build\run.js:121:9)
          at run (C:\Users\Kodak\Documents\GitHub\bountyexpo\Bounty-production\node_modules\jest-circus\build\run.js:71:3)
          at runAndTransformResultsToJestFormat (C:\Users\Kodak\Documents\GitHub\bountyexpo\Bounty-production\node_modules\jest-circus\build\legacy-code-todo-rewrite\jestAdapterInit.js:122:21)
          at jestAdapter (C:\Users\Kodak\Documents\GitHub\bountyexpo\Bounty-production\node_modules\jest-circus\build\legacy-code-todo-rewrite\jestAdapter.js:79:19)
          at runTestInternal (C:\Users\Kodak\Documents\GitHub\bountyexpo\Bounty-production\node_modules\jest-runner\build\runTest.js:367:16)
          at runTest (C:\Users\Kodak\Documents\GitHub\bountyexpo\Bounty-production\node_modules\jest-runner\build\runTest.js:444:34)
          at Object.worker (C:\Users\Kodak\Documents\GitHub\bountyexpo\Bounty-production\node_modules\jest-runner\build\testWorker.js:106:12)

      431 |       return;
      432 |     }
    > 433 |     originalError(...args);
          |     ^
      434 |   },
      435 |   warn: jest.fn(),
      436 |   log: jest.fn(),

      at Object.error (jest.setup.js:433:5)
      at Object.createBounty (app/services/bountyService.ts:291:15)
      at Object.<anonymous> (__tests__/unit/services/bountyService-wrapper-idempotency.test.ts:203:5)

PASS __tests__/unit/hooks/network-provider.test.tsx
  ΓùÅ Console

    console.error
      An update to NetworkProvider inside a test was not wrapped in act(...).
      
      When testing, code that causes React state updates should be wrapped into act(...):
      
      act(() => {
        /* fire events that update state */
      });
      /* assert on the output */
      
      This ensures that you're testing the behavior the user would see in the browser. Learn more at https://react.dev/link/wrap-tests-with-act

      431 |       return;
      432 |     }
    > 433 |     originalError(...args);
          |     ^
      434 |   },
      435 |   warn: jest.fn(),
      436 |   log: jest.fn(),

      at Object.error (jest.setup.js:433:5)
      at node_modules/react-test-renderer/cjs/react-test-renderer.development.js:14402:19
      at runWithFiberInDEV (node_modules/react-test-renderer/cjs/react-test-renderer.development.js:2315:13)
      at warnIfUpdatesNotWrappedWithActDEV (node_modules/react-test-renderer/cjs/react-test-renderer.development.js:14401:9)
      at scheduleUpdateOnFiber (node_modules/react-test-renderer/cjs/react-test-renderer.development.js:12086:9)
      at dispatchSetStateInternal (node_modules/react-test-renderer/cjs/react-test-renderer.development.js:6208:13)
      at dispatchSetState (node_modules/react-test-renderer/cjs/react-test-renderer.development.js:6165:7)
      at providers/network-provider.tsx:45:5

    console.error
      An update to NetworkProvider inside a test was not wrapped in act(...).
      
      When testing, code that causes React state updates should be wrapped into act(...):
      
      act(() => {
        /* fire events that update state */
      });
      /* assert on the output */
      
      This ensures that you're testing the behavior the user would see in the browser. Learn more at https://react.dev/link/wrap-tests-with-act

      431 |       return;
      432 |     }
    > 433 |     originalError(...args);
          |     ^
      434 |   },
      435 |   warn: jest.fn(),
      436 |   log: jest.fn(),

      at Object.error (jest.setup.js:433:5)
      at node_modules/react-test-renderer/cjs/react-test-renderer.development.js:14402:19
      at runWithFiberInDEV (node_modules/react-test-renderer/cjs/react-test-renderer.development.js:2315:13)
      at warnIfUpdatesNotWrappedWithActDEV (node_modules/react-test-renderer/cjs/react-test-renderer.development.js:14401:9)
      at scheduleUpdateOnFiber (node_modules/react-test-renderer/cjs/react-test-renderer.development.js:12086:9)
      at dispatchSetStateInternal (node_modules/react-test-renderer/cjs/react-test-renderer.development.js:6208:13)
      at dispatchSetState (node_modules/react-test-renderer/cjs/react-test-renderer.development.js:6165:7)
      at providers/network-provider.tsx:46:5

    console.error
      An update to NetworkProvider inside a test was not wrapped in act(...).
      
      When testing, code that causes React state updates should be wrapped into act(...):
      
      act(() => {
        /* fire events that update state */
      });
      /* assert on the output */
      
      This ensures that you're testing the behavior the user would see in the browser. Learn more at https://react.dev/link/wrap-tests-with-act

      431 |       return;
      432 |     }
    > 433 |     originalError(...args);
          |     ^
      434 |   },
      435 |   warn: jest.fn(),
      436 |   log: jest.fn(),

      at Object.error (jest.setup.js:433:5)
      at node_modules/react-test-renderer/cjs/react-test-renderer.development.js:14402:19
      at runWithFiberInDEV (node_modules/react-test-renderer/cjs/react-test-renderer.development.js:2315:13)
      at warnIfUpdatesNotWrappedWithActDEV (node_modules/react-test-renderer/cjs/react-test-renderer.development.js:14401:9)
      at scheduleUpdateOnFiber (node_modules/react-test-renderer/cjs/react-test-renderer.development.js:12086:9)
      at dispatchSetStateInternal (node_modules/react-test-renderer/cjs/react-test-renderer.development.js:6208:13)
      at dispatchSetState (node_modules/react-test-renderer/cjs/react-test-renderer.development.js:6165:7)
      at providers/network-provider.tsx:45:5

    console.error
      An update to NetworkProvider inside a test was not wrapped in act(...).
      
      When testing, code that causes React state updates should be wrapped into act(...):
      
      act(() => {
        /* fire events that update state */
      });
      /* assert on the output */
      
      This ensures that you're testing the behavior the user would see in the browser. Learn more at https://react.dev/link/wrap-tests-with-act

      431 |       return;
      432 |     }
    > 433 |     originalError(...args);
          |     ^
      434 |   },
      435 |   warn: jest.fn(),
      436 |   log: jest.fn(),

      at Object.error (jest.setup.js:433:5)
      at node_modules/react-test-renderer/cjs/react-test-renderer.development.js:14402:19
      at runWithFiberInDEV (node_modules/react-test-renderer/cjs/react-test-renderer.development.js:2315:13)
      at warnIfUpdatesNotWrappedWithActDEV (node_modules/react-test-renderer/cjs/react-test-renderer.development.js:14401:9)
      at scheduleUpdateOnFiber (node_modules/react-test-renderer/cjs/react-test-renderer.development.js:12086:9)
      at dispatchSetStateInternal (node_modules/react-test-renderer/cjs/react-test-renderer.development.js:6208:13)
      at dispatchSetState (node_modules/react-test-renderer/cjs/react-test-renderer.development.js:6165:7)
      at providers/network-provider.tsx:46:5

    console.error
      An update to NetworkProvider inside a test was not wrapped in act(...).
      
      When testing, code that causes React state updates should be wrapped into act(...):
      
      act(() => {
        /* fire events that update state */
      });
      /* assert on the output */
      
      This ensures that you're testing the behavior the user would see in the browser. Learn more at https://react.dev/link/wrap-tests-with-act

      431 |       return;
      432 |     }
    > 433 |     originalError(...args);
          |     ^
      434 |   },
      435 |   warn: jest.fn(),
      436 |   log: jest.fn(),

      at Object.error (jest.setup.js:433:5)
      at node_modules/react-test-renderer/cjs/react-test-renderer.development.js:14402:19
      at runWithFiberInDEV (node_modules/react-test-renderer/cjs/react-test-renderer.development.js:2315:13)
      at warnIfUpdatesNotWrappedWithActDEV (node_modules/react-test-renderer/cjs/react-test-renderer.development.js:14401:9)
      at scheduleUpdateOnFiber (node_modules/react-test-renderer/cjs/react-test-renderer.development.js:12086:9)
      at dispatchSetStateInternal (node_modules/react-test-renderer/cjs/react-test-renderer.development.js:6208:13)
      at dispatchSetState (node_modules/react-test-renderer/cjs/react-test-renderer.development.js:6165:7)
      at providers/network-provider.tsx:45:5

    console.error
      An update to NetworkProvider inside a test was not wrapped in act(...).
      
      When testing, code that causes React state updates should be wrapped into act(...):
      
      act(() => {
        /* fire events that update state */
      });
      /* assert on the output */
      
      This ensures that you're testing the behavior the user would see in the browser. Learn more at https://react.dev/link/wrap-tests-with-act

      431 |       return;
      432 |     }
    > 433 |     originalError(...args);
          |     ^
      434 |   },
      435 |   warn: jest.fn(),
      436 |   log: jest.fn(),

      at Object.error (jest.setup.js:433:5)
      at node_modules/react-test-renderer/cjs/react-test-renderer.development.js:14402:19
      at runWithFiberInDEV (node_modules/react-test-renderer/cjs/react-test-renderer.development.js:2315:13)
      at warnIfUpdatesNotWrappedWithActDEV (node_modules/react-test-renderer/cjs/react-test-renderer.development.js:14401:9)
      at scheduleUpdateOnFiber (node_modules/react-test-renderer/cjs/react-test-renderer.development.js:12086:9)
      at dispatchSetStateInternal (node_modules/react-test-renderer/cjs/react-test-renderer.development.js:6208:13)
      at dispatchSetState (node_modules/react-test-renderer/cjs/react-test-renderer.development.js:6165:7)
      at providers/network-provider.tsx:46:5

    console.error
      An update to NetworkProvider inside a test was not wrapped in act(...).
      
      When testing, code that causes React state updates should be wrapped into act(...):
      
      act(() => {
        /* fire events that update state */
      });
      /* assert on the output */
      
      This ensures that you're testing the behavior the user would see in the browser. Learn more at https://react.dev/link/wrap-tests-with-act

      431 |       return;
      432 |     }
    > 433 |     originalError(...args);
          |     ^
      434 |   },
      435 |   warn: jest.fn(),
      436 |   log: jest.fn(),

      at Object.error (jest.setup.js:433:5)
      at node_modules/react-test-renderer/cjs/react-test-renderer.development.js:14402:19
      at runWithFiberInDEV (node_modules/react-test-renderer/cjs/react-test-renderer.development.js:2315:13)
      at warnIfUpdatesNotWrappedWithActDEV (node_modules/react-test-renderer/cjs/react-test-renderer.development.js:14401:9)
      at scheduleUpdateOnFiber (node_modules/react-test-renderer/cjs/react-test-renderer.development.js:12086:9)
      at dispatchSetStateInternal (node_modules/react-test-renderer/cjs/react-test-renderer.development.js:6208:13)
      at dispatchSetState (node_modules/react-test-renderer/cjs/react-test-renderer.development.js:6165:7)
      at providers/network-provider.tsx:45:5

    console.error
      An update to NetworkProvider inside a test was not wrapped in act(...).
      
      When testing, code that causes React state updates should be wrapped into act(...):
      
      act(() => {
        /* fire events that update state */
      });
      /* assert on the output */
      
      This ensures that you're testing the behavior the user would see in the browser. Learn more at https://react.dev/link/wrap-tests-with-act

      431 |       return;
      432 |     }
    > 433 |     originalError(...args);
          |     ^
      434 |   },
      435 |   warn: jest.fn(),
      436 |   log: jest.fn(),

      at Object.error (jest.setup.js:433:5)
      at node_modules/react-test-renderer/cjs/react-test-renderer.development.js:14402:19
      at runWithFiberInDEV (node_modules/react-test-renderer/cjs/react-test-renderer.development.js:2315:13)
      at warnIfUpdatesNotWrappedWithActDEV (node_modules/react-test-renderer/cjs/react-test-renderer.development.js:14401:9)
      at scheduleUpdateOnFiber (node_modules/react-test-renderer/cjs/react-test-renderer.development.js:12086:9)
      at dispatchSetStateInternal (node_modules/react-test-renderer/cjs/react-test-renderer.development.js:6208:13)
      at dispatchSetState (node_modules/react-test-renderer/cjs/react-test-renderer.development.js:6165:7)
      at providers/network-provider.tsx:46:5

PASS services/api/src/__tests__/refund-service.test.ts
  ΓùÅ Console

    console.debug
      bounty: {
        id: 'bounty123',
        creator_id: 'poster123',
        amount_cents: 5000,
        status: 'cancelled',
        payment_intent_id: 'pi_test123',
        title: 'Test Bounty'
      }

      at RefundService.processRefund (services/api/src/services/refund-service.ts:50:15)

    console.debug
      existingRefund: 0

      at RefundService.processRefund (services/api/src/services/refund-service.ts:102:15)

    console.debug
      refundResult: {
        success: true,
        refundId: 'ref_test123',
        amount: 5000,
        status: 'succeeded'
      }

      at RefundService.processRefund (services/api/src/services/refund-service.ts:118:15)

    console.debug
      refundSuccess: true

      at RefundService.processRefund (services/api/src/services/refund-service.ts:133:15)

    console.debug
      bounty: { id: 'bounty123', status: 'completed' }

      at RefundService.processRefund (services/api/src/services/refund-service.ts:50:15)

    console.debug
      bounty: { id: 'bounty123', amount_cents: 0, status: 'cancelled' }

      at RefundService.processRefund (services/api/src/services/refund-service.ts:50:15)

    console.debug
      bounty: {
        id: 'bounty123',
        creator_id: 'poster123',
        amount_cents: 5000,
        status: 'cancelled',
        payment_intent_id: 'pi_test123',
        title: 'Test Bounty'
      }

      at RefundService.processRefund (services/api/src/services/refund-service.ts:50:15)

    console.debug
      existingRefund: 1

      at RefundService.processRefund (services/api/src/services/refund-service.ts:102:15)

    console.debug
      bounty: {
        id: 'bounty123',
        status: 'cancelled',
        amount: 5000,
        payment_intent_id: null
      }

      at RefundService.processRefund (services/api/src/services/refund-service.ts:50:15)

    console.debug
      bounty: {
        id: 'bounty123',
        creator_id: 'poster123',
        amount_cents: 5000,
        status: 'cancelled',
        payment_intent_id: 'pi_test123',
        title: 'Test Bounty'
      }

      at RefundService.processRefund (services/api/src/services/refund-service.ts:50:15)

    console.debug
      existingRefund: 0

      at RefundService.processRefund (services/api/src/services/refund-service.ts:102:15)

    console.error
      Γ¥î Error processing refund for bounty bounty123: Error: Stripe API error
          at Object.<anonymous> (C:\Users\Kodak\Documents\GitHub\bountyexpo\Bounty-production\services\api\src\__tests__\refund-service.test.ts:336:9)
          at Promise.then.completed (C:\Users\Kodak\Documents\GitHub\bountyexpo\Bounty-production\node_modules\jest-circus\build\utils.js:298:28)
          at new Promise (<anonymous>)
          at callAsyncCircusFn (C:\Users\Kodak\Documents\GitHub\bountyexpo\Bounty-production\node_modules\jest-circus\build\utils.js:231:10)
          at _callCircusTest (C:\Users\Kodak\Documents\GitHub\bountyexpo\Bounty-production\node_modules\jest-circus\build\run.js:316:40)
          at processTicksAndRejections (node:internal/process/task_queues:105:5)
          at _runTest (C:\Users\Kodak\Documents\GitHub\bountyexpo\Bounty-production\node_modules\jest-circus\build\run.js:252:3)
          at _runTestsForDescribeBlock (C:\Users\Kodak\Documents\GitHub\bountyexpo\Bounty-production\node_modules\jest-circus\build\run.js:126:9)
          at _runTestsForDescribeBlock (C:\Users\Kodak\Documents\GitHub\bountyexpo\Bounty-production\node_modules\jest-circus\build\run.js:121:9)
          at _runTestsForDescribeBlock (C:\Users\Kodak\Documents\GitHub\bountyexpo\Bounty-production\node_modules\jest-circus\build\run.js:121:9)
          at run (C:\Users\Kodak\Documents\GitHub\bountyexpo\Bounty-production\node_modules\jest-circus\build\run.js:71:3)
          at runAndTransformResultsToJestFormat (C:\Users\Kodak\Documents\GitHub\bountyexpo\Bounty-production\node_modules\jest-circus\build\legacy-code-todo-rewrite\jestAdapterInit.js:122:21)
          at jestAdapter (C:\Users\Kodak\Documents\GitHub\bountyexpo\Bounty-production\node_modules\jest-circus\build\legacy-code-todo-rewrite\jestAdapter.js:79:19)
          at runTestInternal (C:\Users\Kodak\Documents\GitHub\bountyexpo\Bounty-production\node_modules\jest-runner\build\runTest.js:367:16)
          at runTest (C:\Users\Kodak\Documents\GitHub\bountyexpo\Bounty-production\node_modules\jest-runner\build\runTest.js:444:34)
          at Object.worker (C:\Users\Kodak\Documents\GitHub\bountyexpo\Bounty-production\node_modules\jest-runner\build\testWorker.js:106:12)

      431 |       return;
      432 |     }
    > 433 |     originalError(...args);
          |     ^
      434 |   },
      435 |   warn: jest.fn(),
      436 |   log: jest.fn(),

      at Object.error (jest.setup.js:433:5)
      at RefundService.processRefund (services/api/src/services/refund-service.ts:211:15)
      at Object.<anonymous> (services/api/src/__tests__/refund-service.test.ts:345:22)

    console.debug
      bounty: {
        id: 'bounty123',
        creator_id: 'poster123',
        amount_cents: 5000,
        status: 'cancelled',
        payment_intent_id: 'pi_test123',
        title: 'Test Bounty'
      }

      at RefundService.processRefund (services/api/src/services/refund-service.ts:50:15)

    console.debug
      existingRefund: 0

      at RefundService.processRefund (services/api/src/services/refund-service.ts:102:15)

    console.debug
      refundResult: {
        success: true,
        refundId: 'ref_test123',
        amount: 5000,
        status: 'succeeded'
      }

      at RefundService.processRefund (services/api/src/services/refund-service.ts:118:15)

    console.debug
      refundSuccess: true

      at RefundService.processRefund (services/api/src/services/refund-service.ts:133:15)

    console.debug
      bounty: {
        id: 'bounty123',
        creator_id: 'poster123',
        amount_cents: 5000,
        status: 'cancelled',
        payment_intent_id: 'pi_test123',
        title: 'Test Bounty'
      }

      at RefundService.processRefund (services/api/src/services/refund-service.ts:50:15)

    console.debug
      existingRefund: 0

      at RefundService.processRefund (services/api/src/services/refund-service.ts:102:15)

    console.debug
      refundResult: {
        success: true,
        refundId: 'ref_test123',
        amount: 5000,
        status: 'succeeded'
      }

      at RefundService.processRefund (services/api/src/services/refund-service.ts:118:15)

    console.debug
      refundSuccess: true

      at RefundService.processRefund (services/api/src/services/refund-service.ts:133:15)

    console.debug
      bounty: {
        id: 'bounty123',
        creator_id: 'poster123',
        amount_cents: 5000,
        status: 'cancelled',
        payment_intent_id: 'pi_test123',
        title: 'Test Bounty'
      }

      at RefundService.processRefund (services/api/src/services/refund-service.ts:50:15)

    console.debug
      existingRefund: 0

      at RefundService.processRefund (services/api/src/services/refund-service.ts:102:15)

    console.error
      Γ¥î Error processing refund for bounty bounty123: { message: 'Stripe error with API key: sk_test_FAKE_PLACEHOLDER' }

      431 |       return;
      432 |     }
    > 433 |     originalError(...args);
          |     ^
      434 |   },
      435 |   warn: jest.fn(),
      436 |   log: jest.fn(),

      at Object.error (jest.setup.js:433:5)
      at RefundService.processRefund (services/api/src/services/refund-service.ts:211:15)
      at Object.<anonymous> (services/api/src/__tests__/refund-service.test.ts:442:9)

    console.debug
      bounty: {
        id: 'bounty123',
        creator_id: 'poster123',
        amount_cents: 5000,
        status: 'cancelled',
        payment_intent_id: 'pi_test123',
        title: 'Test Bounty'
      }

      at RefundService.processRefund (services/api/src/services/refund-service.ts:50:15)

    console.debug
      existingRefund: 0

      at RefundService.processRefund (services/api/src/services/refund-service.ts:102:15)

    console.debug
      refundResult: {
        success: true,
        refundId: 'ref_test123',
        amount: 5000,
        status: 'succeeded'
      }

      at RefundService.processRefund (services/api/src/services/refund-service.ts:118:15)

    console.debug
      refundSuccess: true

      at RefundService.processRefund (services/api/src/services/refund-service.ts:133:15)

    console.debug
      bounty: {
        id: 'bounty123',
        creator_id: 'poster123',
        amount_cents: 5000,
        status: 'cancelled',
        payment_intent_id: 'pi_test123',
        title: 'Test Bounty'
      }

      at RefundService.processRefund (services/api/src/services/refund-service.ts:50:15)

    console.debug
      existingRefund: 0

      at RefundService.processRefund (services/api/src/services/refund-service.ts:102:15)

    console.error
      Γ¥î Error processing refund for bounty bounty123: Error: Still failing
          at Object.<anonymous> (C:\Users\Kodak\Documents\GitHub\bountyexpo\Bounty-production\services\api\src\__tests__\refund-service.test.ts:550:9)
          at Promise.then.completed (C:\Users\Kodak\Documents\GitHub\bountyexpo\Bounty-production\node_modules\jest-circus\build\utils.js:298:28)
          at new Promise (<anonymous>)
          at callAsyncCircusFn (C:\Users\Kodak\Documents\GitHub\bountyexpo\Bounty-production\node_modules\jest-circus\build\utils.js:231:10)
          at _callCircusTest (C:\Users\Kodak\Documents\GitHub\bountyexpo\Bounty-production\node_modules\jest-circus\build\run.js:316:40)
          at processTicksAndRejections (node:internal/process/task_queues:105:5)
          at _runTest (C:\Users\Kodak\Documents\GitHub\bountyexpo\Bounty-production\node_modules\jest-circus\build\run.js:252:3)
          at _runTestsForDescribeBlock (C:\Users\Kodak\Documents\GitHub\bountyexpo\Bounty-production\node_modules\jest-circus\build\run.js:126:9)
          at _runTestsForDescribeBlock (C:\Users\Kodak\Documents\GitHub\bountyexpo\Bounty-production\node_modules\jest-circus\build\run.js:121:9)
          at _runTestsForDescribeBlock (C:\Users\Kodak\Documents\GitHub\bountyexpo\Bounty-production\node_modules\jest-circus\build\run.js:121:9)
          at run (C:\Users\Kodak\Documents\GitHub\bountyexpo\Bounty-production\node_modules\jest-circus\build\run.js:71:3)
          at runAndTransformResultsToJestFormat (C:\Users\Kodak\Documents\GitHub\bountyexpo\Bounty-production\node_modules\jest-circus\build\legacy-code-todo-rewrite\jestAdapterInit.js:122:21)
          at jestAdapter (C:\Users\Kodak\Documents\GitHub\bountyexpo\Bounty-production\node_modules\jest-circus\build\legacy-code-todo-rewrite\jestAdapter.js:79:19)
          at runTestInternal (C:\Users\Kodak\Documents\GitHub\bountyexpo\Bounty-production\node_modules\jest-runner\build\runTest.js:367:16)
          at runTest (C:\Users\Kodak\Documents\GitHub\bountyexpo\Bounty-production\node_modules\jest-runner\build\runTest.js:444:34)
          at Object.worker (C:\Users\Kodak\Documents\GitHub\bountyexpo\Bounty-production\node_modules\jest-runner\build\testWorker.js:106:12)

      431 |       return;
      432 |     }
    > 433 |     originalError(...args);
          |     ^
      434 |   },
      435 |   warn: jest.fn(),
      436 |   log: jest.fn(),

      at Object.error (jest.setup.js:433:5)
      at RefundService.processRefund (services/api/src/services/refund-service.ts:211:15)
      at RefundService.processRefundFromOutbox (services/api/src/services/refund-service.ts:247:22)
      at Object.<anonymous> (services/api/src/__tests__/refund-service.test.ts:559:22)

    console.error
      Γ¥î Failed to process refund from outbox for bounty bounty123: Still failing

      431 |       return;
      432 |     }
    > 433 |     originalError(...args);
          |     ^
      434 |   },
      435 |   warn: jest.fn(),
      436 |   log: jest.fn(),

      at Object.error (jest.setup.js:433:5)
      at RefundService.processRefundFromOutbox (services/api/src/services/refund-service.ts:260:15)
      at Object.<anonymous> (services/api/src/__tests__/refund-service.test.ts:559:22)

    console.debug
      bounty: {
        id: 'bounty123',
        creator_id: 'poster123',
        amount_cents: 5000,
        status: 'cancelled',
        payment_intent_id: 'pi_test123',
        title: 'Test Bounty'
      }

      at RefundService.processRefund (services/api/src/services/refund-service.ts:50:15)

    console.debug
      existingRefund: 1

      at RefundService.processRefund (services/api/src/services/refund-service.ts:102:15)

    console.error
      Γ¥î Failed to process refund from outbox for bounty : Missing required fields

      431 |       return;
      432 |     }
    > 433 |     originalError(...args);
          |     ^
      434 |   },
      435 |   warn: jest.fn(),
      436 |   log: jest.fn(),

      at Object.error (jest.setup.js:433:5)
      at RefundService.processRefundFromOutbox (services/api/src/services/refund-service.ts:260:15)
      at Object.<anonymous> (services/api/src/__tests__/refund-service.test.ts:593:22)

    console.debug
      bounty: {
        id: 'bounty123',
        amount_cents: 10000,
        status: 'cancelled',
        payment_intent_id: 'pi_test123'
      }

      at RefundService.processRefund (services/api/src/services/refund-service.ts:50:15)

    console.debug
      existingRefund: 0

      at RefundService.processRefund (services/api/src/services/refund-service.ts:102:15)

    console.debug
      refundResult: { id: 'ref_test123', amount: 5000, status: 'succeeded' }

      at RefundService.processRefund (services/api/src/services/refund-service.ts:118:15)

    console.debug
      refundSuccess: true

      at RefundService.processRefund (services/api/src/services/refund-service.ts:133:15)

    console.debug
      bounty: {
        id: 'bounty123',
        creator_id: 'poster123',
        amount_cents: 5000,
        status: 'cancelled',
        payment_intent_id: 'pi_test123',
        title: 'Test Bounty'
      }

      at RefundService.processRefund (services/api/src/services/refund-service.ts:50:15)

    console.debug
      existingRefund: 0

      at RefundService.processRefund (services/api/src/services/refund-service.ts:102:15)

    console.debug
      refundResult: { id: 'ref_test123', amount: 5000, status: 'pending' }

      at RefundService.processRefund (services/api/src/services/refund-service.ts:118:15)

    console.debug
      refundSuccess: true

      at RefundService.processRefund (services/api/src/services/refund-service.ts:133:15)

    console.debug
      bounty: {
        id: 'bounty123',
        creator_id: 'poster123',
        amount_cents: 5000,
        status: 'cancelled',
        payment_intent_id: 'pi_test123',
        title: 'Test Bounty'
      }

      at RefundService.processRefund (services/api/src/services/refund-service.ts:50:15)

    console.debug
      existingRefund: 0

      at RefundService.processRefund (services/api/src/services/refund-service.ts:102:15)

    console.debug
      refundResult: { id: 'ref_test123', amount: 5000, status: 'failed' }

      at RefundService.processRefund (services/api/src/services/refund-service.ts:118:15)

    console.debug
      refundSuccess: false

      at RefundService.processRefund (services/api/src/services/refund-service.ts:133:15)

    console.debug
      bounty: {
        id: 'bounty123',
        creator_id: 'poster123',
        amount_cents: 5000,
        status: 'cancelled',
        payment_intent_id: 'pi_test123',
        title: 'Test Bounty'
      }

      at RefundService.processRefund (services/api/src/services/refund-service.ts:50:15)

    console.debug
      existingRefund: 0

      at RefundService.processRefund (services/api/src/services/refund-service.ts:102:15)

    console.error
      Γ¥î Error processing refund for bounty bounty123: Error: ETIMEDOUT
          at Object.<anonymous> (C:\Users\Kodak\Documents\GitHub\bountyexpo\Bounty-production\services\api\src\__tests__\refund-service.test.ts:671:9)
          at Promise.then.completed (C:\Users\Kodak\Documents\GitHub\bountyexpo\Bounty-production\node_modules\jest-circus\build\utils.js:298:28)
          at new Promise (<anonymous>)
          at callAsyncCircusFn (C:\Users\Kodak\Documents\GitHub\bountyexpo\Bounty-production\node_modules\jest-circus\build\utils.js:231:10)
          at _callCircusTest (C:\Users\Kodak\Documents\GitHub\bountyexpo\Bounty-production\node_modules\jest-circus\build\run.js:316:40)
          at processTicksAndRejections (node:internal/process/task_queues:105:5)
          at _runTest (C:\Users\Kodak\Documents\GitHub\bountyexpo\Bounty-production\node_modules\jest-circus\build\run.js:252:3)
          at _runTestsForDescribeBlock (C:\Users\Kodak\Documents\GitHub\bountyexpo\Bounty-production\node_modules\jest-circus\build\run.js:126:9)
          at _runTestsForDescribeBlock (C:\Users\Kodak\Documents\GitHub\bountyexpo\Bounty-production\node_modules\jest-circus\build\run.js:121:9)
          at _runTestsForDescribeBlock (C:\Users\Kodak\Documents\GitHub\bountyexpo\Bounty-production\node_modules\jest-circus\build\run.js:121:9)
          at run (C:\Users\Kodak\Documents\GitHub\bountyexpo\Bounty-production\node_modules\jest-circus\build\run.js:71:3)
          at runAndTransformResultsToJestFormat (C:\Users\Kodak\Documents\GitHub\bountyexpo\Bounty-production\node_modules\jest-circus\build\legacy-code-todo-rewrite\jestAdapterInit.js:122:21)
          at jestAdapter (C:\Users\Kodak\Documents\GitHub\bountyexpo\Bounty-production\node_modules\jest-circus\build\legacy-code-todo-rewrite\jestAdapter.js:79:19)
          at runTestInternal (C:\Users\Kodak\Documents\GitHub\bountyexpo\Bounty-production\node_modules\jest-runner\build\runTest.js:367:16)
          at runTest (C:\Users\Kodak\Documents\GitHub\bountyexpo\Bounty-production\node_modules\jest-runner\build\runTest.js:444:34)
          at Object.worker (C:\Users\Kodak\Documents\GitHub\bountyexpo\Bounty-production\node_modules\jest-runner\build\testWorker.js:106:12)

      431 |       return;
      432 |     }
    > 433 |     originalError(...args);
          |     ^
      434 |   },
      435 |   warn: jest.fn(),
      436 |   log: jest.fn(),

      at Object.error (jest.setup.js:433:5)
      at RefundService.processRefund (services/api/src/services/refund-service.ts:211:15)
      at Object.<anonymous> (services/api/src/__tests__/refund-service.test.ts:680:22)

    console.debug
      bounty: {
        id: 'bounty123',
        creator_id: 'poster123',
        amount_cents: 5000,
        status: 'cancelled',
        payment_intent_id: 'pi_test123',
        title: 'Test Bounty'
      }

      at RefundService.processRefund (services/api/src/services/refund-service.ts:50:15)
          at async Promise.allSettled (index 0)

    console.debug
      bounty: {
        id: 'bounty123',
        creator_id: 'poster123',
        amount_cents: 5000,
        status: 'cancelled',
        payment_intent_id: 'pi_test123',
        title: 'Test Bounty'
      }

      at RefundService.processRefund (services/api/src/services/refund-service.ts:50:15)
          at async Promise.allSettled (index 1)

    console.debug
      existingRefund: 0

      at RefundService.processRefund (services/api/src/services/refund-service.ts:102:15)
          at async Promise.allSettled (index 0)

    console.debug
      existingRefund: 0

      at RefundService.processRefund (services/api/src/services/refund-service.ts:102:15)
          at async Promise.allSettled (index 1)

    console.debug
      refundResult: {
        success: true,
        refundId: 'ref_test123',
        amount: 5000,
        status: 'succeeded'
      }

      at RefundService.processRefund (services/api/src/services/refund-service.ts:118:15)
          at async Promise.allSettled (index 0)

    console.debug
      refundSuccess: true

      at RefundService.processRefund (services/api/src/services/refund-service.ts:133:15)
          at async Promise.allSettled (index 0)

    console.debug
      refundResult: {
        success: true,
        refundId: 'ref_test123',
        amount: 5000,
        status: 'succeeded'
      }

      at RefundService.processRefund (services/api/src/services/refund-service.ts:118:15)
          at async Promise.allSettled (index 1)

    console.debug
      refundSuccess: true

      at RefundService.processRefund (services/api/src/services/refund-service.ts:133:15)
          at async Promise.allSettled (index 1)

    console.debug
      bounty: {
        id: 'bounty123',
        creator_id: 'poster123',
        amount_cents: 5000,
        status: 'cancelled',
        payment_intent_id: 'pi_test123',
        title: 'Test Bounty'
      }

      at RefundService.processRefund (services/api/src/services/refund-service.ts:50:15)

    console.debug
      existingRefund: 0

      at RefundService.processRefund (services/api/src/services/refund-service.ts:102:15)

    console.debug
      refundResult: {
        success: true,
        refundId: 'ref_test123',
        amount: 5000,
        status: 'succeeded'
      }

      at RefundService.processRefund (services/api/src/services/refund-service.ts:118:15)

    console.debug
      refundSuccess: true

      at RefundService.processRefund (services/api/src/services/refund-service.ts:133:15)

    console.debug
      bounty: {
        id: 'bounty123',
        creator_id: 'poster123',
        amount_cents: 5000,
        status: 'cancelled',
        payment_intent_id: 'pi_test123',
        title: 'Test Bounty'
      }

      at RefundService.processRefund (services/api/src/services/refund-service.ts:50:15)

    console.debug
      existingRefund: 0

      at RefundService.processRefund (services/api/src/services/refund-service.ts:102:15)

    console.debug
      refundResult: {
        success: true,
        refundId: 'ref_test123',
        amount: 5000,
        status: 'succeeded'
      }

      at RefundService.processRefund (services/api/src/services/refund-service.ts:118:15)

    console.debug
      refundSuccess: true

      at RefundService.processRefund (services/api/src/services/refund-service.ts:133:15)

    console.debug
      bounty: {
        id: 'bounty123',
        creator_id: 'poster123',
        hunter_id: 'hunter123',
        amount_cents: 5000,
        status: 'in_progress',
        payment_intent_id: 'pi_test123',
        title: 'Test Bounty'
      }

      at RefundService.processRefund (services/api/src/services/refund-service.ts:50:15)

    console.debug
      existingRefund: 0

      at RefundService.processRefund (services/api/src/services/refund-service.ts:102:15)

    console.debug
      refundResult: {
        success: true,
        refundId: 'ref_test123',
        amount: 5000,
        status: 'succeeded'
      }

      at RefundService.processRefund (services/api/src/services/refund-service.ts:118:15)

    console.debug
      refundSuccess: true

      at RefundService.processRefund (services/api/src/services/refund-service.ts:133:15)

    console.debug
      bounty: {
        id: 'bounty123',
        creator_id: 'poster123',
        hunter_id: null,
        amount_cents: 5000,
        status: 'open',
        payment_intent_id: 'pi_test123',
        title: 'Test Bounty'
      }

      at RefundService.processRefund (services/api/src/services/refund-service.ts:50:15)

    console.debug
      existingRefund: 0

      at RefundService.processRefund (services/api/src/services/refund-service.ts:102:15)

    console.debug
      refundResult: {
        success: true,
        refundId: 'ref_test123',
        amount: 5000,
        status: 'succeeded'
      }

      at RefundService.processRefund (services/api/src/services/refund-service.ts:118:15)

    console.debug
      refundSuccess: true

      at RefundService.processRefund (services/api/src/services/refund-service.ts:133:15)

    console.debug
      bounty: {
        id: 'bounty123',
        creator_id: 'poster123',
        hunter_id: 'hunter123',
        amount_cents: 5000,
        status: 'in_progress',
        payment_intent_id: 'pi_test123',
        title: 'Test Bounty'
      }

      at RefundService.processRefund (services/api/src/services/refund-service.ts:50:15)

    console.debug
      existingRefund: 0

      at RefundService.processRefund (services/api/src/services/refund-service.ts:102:15)

    console.debug
      refundResult: {
        success: true,
        refundId: 'ref_test123',
        amount: 5000,
        status: 'succeeded'
      }

      at RefundService.processRefund (services/api/src/services/refund-service.ts:118:15)

    console.debug
      refundSuccess: true

      at RefundService.processRefund (services/api/src/services/refund-service.ts:133:15)

PASS __tests__/integration/edit-profile-flow.test.ts
PASS services/api/src/__tests__/risk-management.test.ts
PASS __tests__/unit/server/transfer-failed-webhook.test.ts
PASS __tests__/unit/services/e2e-key-service.test.ts
PASS __tests__/unit/services/approve-and-release.test.ts
  ΓùÅ Console

    console.debug
      [config] env diagnostics {
        supabaseUrlSource: 'FALLBACK',
        supabaseAnonSource: 'FALLBACK',
        apiBaseUrlSource: null,
        supabaseUrlPrefix: 'https://test.supabase.co',
        supabaseAnonResolved: true,
        apiBaseUrlPrefix: '(not set)'
      }

      at Object.<anonymous> (lib/config.ts:71:11)

    console.debug
      [supabase.debug] env { hasUrl: true, urlPrefix: 'https://test.supabase.co', hasKey: true }

      at initSupabase (lib/supabase.ts:109:11)

PASS __tests__/e2e/complete-payment-flows.test.ts
PASS services/api/src/__tests__/completion-release-service.test.ts
  ΓùÅ Console

    console.error
      Γ¥î Error processing completion release for bounty bounty123: Error: Hunter does not have a Stripe Connect account. Hunter must set up payouts before receiving funds.
          at CompletionReleaseService.processCompletionRelease (C:\Users\Kodak\Documents\GitHub\bountyexpo\Bounty-production\services\api\src\services\completion-release-service.ts:105:15)
          at processTicksAndRejections (node:internal/process/task_queues:105:5)
          at Object.<anonymous> (C:\Users\Kodak\Documents\GitHub\bountyexpo\Bounty-production\services\api\src\__tests__\completion-release-service.test.ts:314:22)

      431 |       return;
      432 |     }
    > 433 |     originalError(...args);
          |     ^
      434 |   },
      435 |   warn: jest.fn(),
      436 |   log: jest.fn(),

      at Object.error (jest.setup.js:433:5)
      at CompletionReleaseService.processCompletionRelease (services/api/src/services/completion-release-service.ts:227:15)
      at Object.<anonymous> (services/api/src/__tests__/completion-release-service.test.ts:314:22)

    console.error
      Γ¥î Error processing completion release for bounty bounty123: Error: Temporary failure
          at Object.<anonymous> (C:\Users\Kodak\Documents\GitHub\bountyexpo\Bounty-production\services\api\src\__tests__\completion-release-service.test.ts:373:9)
          at Promise.then.completed (C:\Users\Kodak\Documents\GitHub\bountyexpo\Bounty-production\node_modules\jest-circus\build\utils.js:298:28)
          at new Promise (<anonymous>)
          at callAsyncCircusFn (C:\Users\Kodak\Documents\GitHub\bountyexpo\Bounty-production\node_modules\jest-circus\build\utils.js:231:10)
          at _callCircusTest (C:\Users\Kodak\Documents\GitHub\bountyexpo\Bounty-production\node_modules\jest-circus\build\run.js:316:40)
          at processTicksAndRejections (node:internal/process/task_queues:105:5)
          at _runTest (C:\Users\Kodak\Documents\GitHub\bountyexpo\Bounty-production\node_modules\jest-circus\build\run.js:252:3)
          at _runTestsForDescribeBlock (C:\Users\Kodak\Documents\GitHub\bountyexpo\Bounty-production\node_modules\jest-circus\build\run.js:126:9)
          at _runTestsForDescribeBlock (C:\Users\Kodak\Documents\GitHub\bountyexpo\Bounty-production\node_modules\jest-circus\build\run.js:121:9)
          at _runTestsForDescribeBlock (C:\Users\Kodak\Documents\GitHub\bountyexpo\Bounty-production\node_modules\jest-circus\build\run.js:121:9)
          at run (C:\Users\Kodak\Documents\GitHub\bountyexpo\Bounty-production\node_modules\jest-circus\build\run.js:71:3)
          at runAndTransformResultsToJestFormat (C:\Users\Kodak\Documents\GitHub\bountyexpo\Bounty-production\node_modules\jest-circus\build\legacy-code-todo-rewrite\jestAdapterInit.js:122:21)
          at jestAdapter (C:\Users\Kodak\Documents\GitHub\bountyexpo\Bounty-production\node_modules\jest-circus\build\legacy-code-todo-rewrite\jestAdapter.js:79:19)
          at runTestInternal (C:\Users\Kodak\Documents\GitHub\bountyexpo\Bounty-production\node_modules\jest-runner\build\runTest.js:367:16)
          at runTest (C:\Users\Kodak\Documents\GitHub\bountyexpo\Bounty-production\node_modules\jest-runner\build\runTest.js:444:34)
          at Object.worker (C:\Users\Kodak\Documents\GitHub\bountyexpo\Bounty-production\node_modules\jest-runner\build\testWorker.js:106:12)

      431 |       return;
      432 |     }
    > 433 |     originalError(...args);
          |     ^
      434 |   },
      435 |   warn: jest.fn(),
      436 |   log: jest.fn(),

      at Object.error (jest.setup.js:433:5)
      at CompletionReleaseService.processCompletionRelease (services/api/src/services/completion-release-service.ts:227:15)
      at Object.<anonymous> (services/api/src/__tests__/completion-release-service.test.ts:382:9)

    console.error
      Γ¥î Error processing completion release for bounty invalid_bounty: Error: Bounty not found
          at CompletionReleaseService.processCompletionRelease (C:\Users\Kodak\Documents\GitHub\bountyexpo\Bounty-production\services\api\src\services\completion-release-service.ts:68:15)
          at processTicksAndRejections (node:internal/process/task_queues:105:5)
          at Object.<anonymous> (C:\Users\Kodak\Documents\GitHub\bountyexpo\Bounty-production\services\api\src\__tests__\completion-release-service.test.ts:407:22)

      431 |       return;
      432 |     }
    > 433 |     originalError(...args);
          |     ^
      434 |   },
      435 |   warn: jest.fn(),
      436 |   log: jest.fn(),

      at Object.error (jest.setup.js:433:5)
      at CompletionReleaseService.processCompletionRelease (services/api/src/services/completion-release-service.ts:227:15)
      at Object.<anonymous> (services/api/src/__tests__/completion-release-service.test.ts:407:22)

    console.error
      Γ¥î Error processing completion release for bounty bounty123: Error: Bounty not in correct status
          at CompletionReleaseService.processCompletionRelease (C:\Users\Kodak\Documents\GitHub\bountyexpo\Bounty-production\services\api\src\services\completion-release-service.ts:75:15)
          at processTicksAndRejections (node:internal/process/task_queues:105:5)
          at Object.<anonymous> (C:\Users\Kodak\Documents\GitHub\bountyexpo\Bounty-production\services\api\src\__tests__\completion-release-service.test.ts:428:22)

      431 |       return;
      432 |     }
    > 433 |     originalError(...args);
          |     ^
      434 |   },
      435 |   warn: jest.fn(),
      436 |   log: jest.fn(),

      at Object.error (jest.setup.js:433:5)
      at CompletionReleaseService.processCompletionRelease (services/api/src/services/completion-release-service.ts:227:15)
      at Object.<anonymous> (services/api/src/__tests__/completion-release-service.test.ts:428:22)

    console.error
      Γ¥î Error processing completion release for bounty bounty123: Error: Hunter ID mismatch
          at CompletionReleaseService.processCompletionRelease (C:\Users\Kodak\Documents\GitHub\bountyexpo\Bounty-production\services\api\src\services\completion-release-service.ts:80:15)
          at processTicksAndRejections (node:internal/process/task_queues:105:5)
          at Object.<anonymous> (C:\Users\Kodak\Documents\GitHub\bountyexpo\Bounty-production\services\api\src\__tests__\completion-release-service.test.ts:440:22)

      431 |       return;
      432 |     }
    > 433 |     originalError(...args);
          |     ^
      434 |   },
      435 |   warn: jest.fn(),
      436 |   log: jest.fn(),

      at Object.error (jest.setup.js:433:5)
      at CompletionReleaseService.processCompletionRelease (services/api/src/services/completion-release-service.ts:227:15)
      at Object.<anonymous> (services/api/src/__tests__/completion-release-service.test.ts:440:22)

    console.debug
      [completionReleaseService] isAlreadyReleased fetched: {
        bountyId: 'bounty123',
        existingRelease: [ { id: 'tx_release', type: 'release', bounty_id: 'bounty123' } ]
      }

      at CompletionReleaseService.isAlreadyReleased (services/api/src/services/completion-release-service.ts:324:13)

    console.debug
      [completionReleaseService] isAlreadyReleased fetched: { bountyId: 'bounty123', existingRelease: [] }

      at CompletionReleaseService.isAlreadyReleased (services/api/src/services/completion-release-service.ts:324:13)

    console.debug
      [completionReleaseService] outbox: processing request: {
        request: {
          bountyId: 'bounty123',
          hunterId: 'hunter123',
          paymentIntentId: undefined,
          platformFeePercentage: undefined
        }
      }

      at CompletionReleaseService.processCompletionReleaseFromOutbox (services/api/src/services/completion-release-service.ts:266:15)

    console.debug
      [completionReleaseService] outbox: fetched bountyRecord {
        bountyRecord: [
          {
            id: 'bounty123',
            creator_id: 'poster123',
            hunter_id: 'hunter123',
            amount_cents: 10000,
            status: 'in_progress',
            title: 'Test Bounty'
          }
        ]
      }

      at CompletionReleaseService.processCompletionReleaseFromOutbox (services/api/src/services/completion-release-service.ts:275:15)

    console.debug
      [completionReleaseService] isAlreadyReleased fetched: { bountyId: 'bounty123', existingRelease: [] }

      at CompletionReleaseService.isAlreadyReleased (services/api/src/services/completion-release-service.ts:324:13)

    console.debug
      [completionReleaseService] outbox: isAlreadyReleased -> { bountyId: 'bounty123', already: false }

      at CompletionReleaseService.processCompletionReleaseFromOutbox (services/api/src/services/completion-release-service.ts:284:15)

    console.debug
      [completionReleaseService] outbox: processing request: {
        request: {
          bountyId: 'bounty123',
          hunterId: 'hunter123',
          paymentIntentId: undefined,
          platformFeePercentage: undefined
        }
      }

      at CompletionReleaseService.processCompletionReleaseFromOutbox (services/api/src/services/completion-release-service.ts:266:15)

    console.debug
      [completionReleaseService] outbox: fetched bountyRecord {
        bountyRecord: [
          {
            id: 'bounty123',
            creator_id: 'poster123',
            hunter_id: 'hunter123',
            amount_cents: 10000,
            status: 'in_progress',
            title: 'Test Bounty'
          }
        ]
      }

      at CompletionReleaseService.processCompletionReleaseFromOutbox (services/api/src/services/completion-release-service.ts:275:15)

    console.debug
      [completionReleaseService] isAlreadyReleased fetched: { bountyId: 'bounty123', existingRelease: [] }

      at CompletionReleaseService.isAlreadyReleased (services/api/src/services/completion-release-service.ts:324:13)

    console.debug
      [completionReleaseService] outbox: isAlreadyReleased -> { bountyId: 'bounty123', already: false }

      at CompletionReleaseService.processCompletionReleaseFromOutbox (services/api/src/services/completion-release-service.ts:284:15)

    console.error
      Γ¥î Error processing completion release for bounty bounty123: Error: Still failing
          at Object.<anonymous> (C:\Users\Kodak\Documents\GitHub\bountyexpo\Bounty-production\services\api\src\__tests__\completion-release-service.test.ts:576:9)
          at Promise.then.completed (C:\Users\Kodak\Documents\GitHub\bountyexpo\Bounty-production\node_modules\jest-circus\build\utils.js:298:28)
          at new Promise (<anonymous>)
          at callAsyncCircusFn (C:\Users\Kodak\Documents\GitHub\bountyexpo\Bounty-production\node_modules\jest-circus\build\utils.js:231:10)
          at _callCircusTest (C:\Users\Kodak\Documents\GitHub\bountyexpo\Bounty-production\node_modules\jest-circus\build\run.js:316:40)
          at processTicksAndRejections (node:internal/process/task_queues:105:5)
          at _runTest (C:\Users\Kodak\Documents\GitHub\bountyexpo\Bounty-production\node_modules\jest-circus\build\run.js:252:3)
          at _runTestsForDescribeBlock (C:\Users\Kodak\Documents\GitHub\bountyexpo\Bounty-production\node_modules\jest-circus\build\run.js:126:9)
          at _runTestsForDescribeBlock (C:\Users\Kodak\Documents\GitHub\bountyexpo\Bounty-production\node_modules\jest-circus\build\run.js:121:9)
          at _runTestsForDescribeBlock (C:\Users\Kodak\Documents\GitHub\bountyexpo\Bounty-production\node_modules\jest-circus\build\run.js:121:9)
          at run (C:\Users\Kodak\Documents\GitHub\bountyexpo\Bounty-production\node_modules\jest-circus\build\run.js:71:3)
          at runAndTransformResultsToJestFormat (C:\Users\Kodak\Documents\GitHub\bountyexpo\Bounty-production\node_modules\jest-circus\build\legacy-code-todo-rewrite\jestAdapterInit.js:122:21)
          at jestAdapter (C:\Users\Kodak\Documents\GitHub\bountyexpo\Bounty-production\node_modules\jest-circus\build\legacy-code-todo-rewrite\jestAdapter.js:79:19)
          at runTestInternal (C:\Users\Kodak\Documents\GitHub\bountyexpo\Bounty-production\node_modules\jest-runner\build\runTest.js:367:16)
          at runTest (C:\Users\Kodak\Documents\GitHub\bountyexpo\Bounty-production\node_modules\jest-runner\build\runTest.js:444:34)
          at Object.worker (C:\Users\Kodak\Documents\GitHub\bountyexpo\Bounty-production\node_modules\jest-runner\build\testWorker.js:106:12)

      431 |       return;
      432 |     }
    > 433 |     originalError(...args);
          |     ^
      434 |   },
      435 |   warn: jest.fn(),
      436 |   log: jest.fn(),

      at Object.error (jest.setup.js:433:5)
      at CompletionReleaseService.processCompletionRelease (services/api/src/services/completion-release-service.ts:227:15)
      at CompletionReleaseService.processCompletionReleaseFromOutbox (services/api/src/services/completion-release-service.ts:290:22)
      at Object.<anonymous> (services/api/src/__tests__/completion-release-service.test.ts:584:22)

    console.error
      Γ¥î Failed to process completion release from outbox for bounty bounty123: Still failing

      431 |       return;
      432 |     }
    > 433 |     originalError(...args);
          |     ^
      434 |   },
      435 |   warn: jest.fn(),
      436 |   log: jest.fn(),

      at Object.error (jest.setup.js:433:5)
      at CompletionReleaseService.processCompletionReleaseFromOutbox (services/api/src/services/completion-release-service.ts:303:15)
      at Object.<anonymous> (services/api/src/__tests__/completion-release-service.test.ts:584:22)

    console.debug
      [completionReleaseService] outbox: processing request: {
        request: {
          bountyId: 'bounty123',
          hunterId: 'hunter123',
          paymentIntentId: undefined,
          platformFeePercentage: undefined
        }
      }

      at CompletionReleaseService.processCompletionReleaseFromOutbox (services/api/src/services/completion-release-service.ts:266:15)

    console.debug
      [completionReleaseService] outbox: fetched bountyRecord {
        bountyRecord: [
          {
            id: 'bounty123',
            creator_id: 'poster123',
            hunter_id: 'hunter123',
            amount_cents: 10000,
            status: 'in_progress',
            title: 'Test Bounty'
          }
        ]
      }

      at CompletionReleaseService.processCompletionReleaseFromOutbox (services/api/src/services/completion-release-service.ts:275:15)

    console.debug
      [completionReleaseService] isAlreadyReleased fetched: {
        bountyId: 'bounty123',
        existingRelease: [ { id: 'tx_release', type: 'release', bounty_id: 'bounty123' } ]
      }

      at CompletionReleaseService.isAlreadyReleased (services/api/src/services/completion-release-service.ts:324:13)

    console.debug
      [completionReleaseService] outbox: isAlreadyReleased -> { bountyId: 'bounty123', already: true }

      at CompletionReleaseService.processCompletionReleaseFromOutbox (services/api/src/services/completion-release-service.ts:284:15)

    console.error
      Γ¥î Error processing completion release for bounty bounty123: Error: Cannot process completion release for zero amount bounties
          at CompletionReleaseService.processCompletionRelease (C:\Users\Kodak\Documents\GitHub\bountyexpo\Bounty-production\services\api\src\services\completion-release-service.ts:88:15)
          at processTicksAndRejections (node:internal/process/task_queues:105:5)
          at Object.<anonymous> (C:\Users\Kodak\Documents\GitHub\bountyexpo\Bounty-production\services\api\src\__tests__\completion-release-service.test.ts:635:22)

      431 |       return;
      432 |     }
    > 433 |     originalError(...args);
          |     ^
      434 |   },
      435 |   warn: jest.fn(),
      436 |   log: jest.fn(),

      at Object.error (jest.setup.js:433:5)
      at CompletionReleaseService.processCompletionRelease (services/api/src/services/completion-release-service.ts:227:15)
      at Object.<anonymous> (services/api/src/__tests__/completion-release-service.test.ts:635:22)

    console.error
      Γ¥î Error processing completion release for bounty bounty123: Error: Platform fee percentage must be between 0 and 100
          at CompletionReleaseService.processCompletionRelease (C:\Users\Kodak\Documents\GitHub\bountyexpo\Bounty-production\services\api\src\services\completion-release-service.ts:117:15)
          at processTicksAndRejections (node:internal/process/task_queues:105:5)
          at Object.<anonymous> (C:\Users\Kodak\Documents\GitHub\bountyexpo\Bounty-production\services\api\src\__tests__\completion-release-service.test.ts:648:22)

      431 |       return;
      432 |     }
    > 433 |     originalError(...args);
          |     ^
      434 |   },
      435 |   warn: jest.fn(),
      436 |   log: jest.fn(),

      at Object.error (jest.setup.js:433:5)
      at CompletionReleaseService.processCompletionRelease (services/api/src/services/completion-release-service.ts:227:15)
      at Object.<anonymous> (services/api/src/__tests__/completion-release-service.test.ts:648:22)

    console.error
      Γ¥î Error processing completion release for bounty bounty123: Error: Platform fee percentage must be between 0 and 100
          at CompletionReleaseService.processCompletionRelease (C:\Users\Kodak\Documents\GitHub\bountyexpo\Bounty-production\services\api\src\services\completion-release-service.ts:117:15)
          at processTicksAndRejections (node:internal/process/task_queues:105:5)
          at Object.<anonymous> (C:\Users\Kodak\Documents\GitHub\bountyexpo\Bounty-production\services\api\src\__tests__\completion-release-service.test.ts:661:22)

      431 |       return;
      432 |     }
    > 433 |     originalError(...args);
          |     ^
      434 |   },
      435 |   warn: jest.fn(),
      436 |   log: jest.fn(),

      at Object.error (jest.setup.js:433:5)
      at CompletionReleaseService.processCompletionRelease (services/api/src/services/completion-release-service.ts:227:15)
      at Object.<anonymous> (services/api/src/__tests__/completion-release-service.test.ts:661:22)

    console.error
      Γ¥î Error processing completion release for bounty : Error: Missing required fields
          at CompletionReleaseService.processCompletionRelease (C:\Users\Kodak\Documents\GitHub\bountyexpo\Bounty-production\services\api\src\services\completion-release-service.ts:55:15)
          at Object.<anonymous> (C:\Users\Kodak\Documents\GitHub\bountyexpo\Bounty-production\services\api\src\__tests__\completion-release-service.test.ts:692:53)
          at Promise.then.completed (C:\Users\Kodak\Documents\GitHub\bountyexpo\Bounty-production\node_modules\jest-circus\build\utils.js:298:28)
          at new Promise (<anonymous>)
          at callAsyncCircusFn (C:\Users\Kodak\Documents\GitHub\bountyexpo\Bounty-production\node_modules\jest-circus\build\utils.js:231:10)
          at _callCircusTest (C:\Users\Kodak\Documents\GitHub\bountyexpo\Bounty-production\node_modules\jest-circus\build\run.js:316:40)
          at processTicksAndRejections (node:internal/process/task_queues:105:5)
          at _runTest (C:\Users\Kodak\Documents\GitHub\bountyexpo\Bounty-production\node_modules\jest-circus\build\run.js:252:3)
          at _runTestsForDescribeBlock (C:\Users\Kodak\Documents\GitHub\bountyexpo\Bounty-production\node_modules\jest-circus\build\run.js:126:9)
          at _runTestsForDescribeBlock (C:\Users\Kodak\Documents\GitHub\bountyexpo\Bounty-production\node_modules\jest-circus\build\run.js:121:9)
          at _runTestsForDescribeBlock (C:\Users\Kodak\Documents\GitHub\bountyexpo\Bounty-production\node_modules\jest-circus\build\run.js:121:9)
          at run (C:\Users\Kodak\Documents\GitHub\bountyexpo\Bounty-production\node_modules\jest-circus\build\run.js:71:3)
          at runAndTransformResultsToJestFormat (C:\Users\Kodak\Documents\GitHub\bountyexpo\Bounty-production\node_modules\jest-circus\build\legacy-code-todo-rewrite\jestAdapterInit.js:122:21)
          at jestAdapter (C:\Users\Kodak\Documents\GitHub\bountyexpo\Bounty-production\node_modules\jest-circus\build\legacy-code-todo-rewrite\jestAdapter.js:79:19)
          at runTestInternal (C:\Users\Kodak\Documents\GitHub\bountyexpo\Bounty-production\node_modules\jest-runner\build\runTest.js:367:16)
          at runTest (C:\Users\Kodak\Documents\GitHub\bountyexpo\Bounty-production\node_modules\jest-runner\build\runTest.js:444:34)
          at Object.worker (C:\Users\Kodak\Documents\GitHub\bountyexpo\Bounty-production\node_modules\jest-runner\build\testWorker.js:106:12)

      431 |       return;
      432 |     }
    > 433 |     originalError(...args);
          |     ^
      434 |   },
      435 |   warn: jest.fn(),
      436 |   log: jest.fn(),

      at Object.error (jest.setup.js:433:5)
      at CompletionReleaseService.processCompletionRelease (services/api/src/services/completion-release-service.ts:227:15)
      at Object.<anonymous> (services/api/src/__tests__/completion-release-service.test.ts:692:53)

PASS __tests__/unit/hooks/use-attachment-upload.test.ts
PASS __tests__/components/error-boundary.test.tsx
PASS __tests__/unit/services/cancellation-service.test.ts
  ΓùÅ Console

    console.debug
      [config] env diagnostics {
        supabaseUrlSource: 'FALLBACK',
        supabaseAnonSource: 'FALLBACK',
        apiBaseUrlSource: null,
        supabaseUrlPrefix: 'https://test.supabase.co',
        supabaseAnonResolved: true,
        apiBaseUrlPrefix: '(not set)'
      }

      at Object.<anonymous> (lib/config.ts:71:11)

    console.debug
      [supabase.debug] env { hasUrl: true, urlPrefix: 'https://test.supabase.co', hasKey: true }

      at initSupabase (lib/supabase.ts:109:11)

PASS __tests__/unit/services/notification-service.test.ts
PASS __tests__/unit/utils/withTimeout.test.ts
PASS __tests__/unit/services/stale-bounty-service.test.ts
PASS lib/services/__tests__/offline-queue-service.test.ts
  ΓùÅ Console

    console.error
      ΓÜá∩╕Å Failed to process item bounty-1783468325202-vz2m5gn27, retry 1/3: Error: temporary failure
          at Object.<anonymous> (C:\Users\Kodak\Documents\GitHub\bountyexpo\Bounty-production\lib\services\__tests__\offline-queue-service.test.ts:79:49)
          at C:\Users\Kodak\Documents\GitHub\bountyexpo\Bounty-production\node_modules\jest-environment-node\node_modules\jest-mock\build\index.js:305:39
          at Object.<anonymous> (C:\Users\Kodak\Documents\GitHub\bountyexpo\Bounty-production\node_modules\jest-environment-node\node_modules\jest-mock\build\index.js:312:13)
          at Object.mockConstructor [as processQueuedBounty] (C:\Users\Kodak\Documents\GitHub\bountyexpo\Bounty-production\node_modules\jest-environment-node\node_modules\jest-mock\build\index.js:102:19)
          at OfflineQueueService.processBountyItem (C:\Users\Kodak\Documents\GitHub\bountyexpo\Bounty-production\lib\services\offline-queue-service.ts:332:27)
          at OfflineQueueService.processQueue (C:\Users\Kodak\Documents\GitHub\bountyexpo\Bounty-production\lib\services\offline-queue-service.ts:291:13)

      431 |       return;
      432 |     }
    > 433 |     originalError(...args);
          |     ^
      434 |   },
      435 |   warn: jest.fn(),
      436 |   log: jest.fn(),

      at Object.error (jest.setup.js:433:5)
      at OfflineQueueService.processQueue (lib/services/offline-queue-service.ts:306:19)

PASS __tests__/unit/lib/supabase-deferred-proxy.test.ts
  ΓùÅ Console

    console.debug
      [config] env diagnostics {
        supabaseUrlSource: 'FALLBACK',
        supabaseAnonSource: 'FALLBACK',
        apiBaseUrlSource: null,
        supabaseUrlPrefix: 'https://test.supabase.co',
        supabaseAnonResolved: true,
        apiBaseUrlPrefix: '(not set)'
      }

      at Object.<anonymous> (lib/config.ts:71:11)

    console.debug
      [supabase.debug] env { hasUrl: true, urlPrefix: 'https://test.supabase.co', hasKey: true }

      at initSupabase (lib/supabase.ts:109:11)

PASS __tests__/components/captcha-challenge.test.tsx
PASS __tests__/unit/domain/bounty-request-transitions.test.ts
PASS __tests__/components/offline-status-badge.test.tsx
PASS __tests__/components/edit-posting-modal.test.tsx
PASS __tests__/unit/services/portfolio-service.test.ts
PASS __tests__/unit/routes/payments.no-stripe.test.ts
PASS __tests__/unit/balance-persistence-fix.test.ts
PASS __tests__/components/sync-status-indicator.test.tsx
PASS __tests__/components/offline-mode-banner.test.tsx
PASS __tests__/components/payout-failed-banner.test.tsx
PASS __tests__/unit/lib/supabase-env-guard.test.ts
  ΓùÅ Console

    console.debug
      [supabase.debug] env {
        hasUrl: true,
        urlPrefix: 'https://xwlwqzzphmmhghiqvkeu.supabase.co',
        hasKey: true
      }

      at initSupabase (lib/supabase.ts:109:11)

    console.debug
      [supabase.debug] env {
        hasUrl: true,
        urlPrefix: 'https://xwlwqzzphmmhghiqvkeu.supabase.co',
        hasKey: true
      }

      at initSupabase (lib/supabase.ts:109:11)

    console.error
      [supabase] CRITICAL ENVIRONMENT MISMATCH ΓÇö Build channel "production" must use Supabase project "xwlwqzzphmmhghiqvkeu", but this bundle resolved to "ajsbkocnixpwbrjokvnq". (channel=production, expected=xwlwqzzphmmhghiqvkeu, actual=ajsbkocnixpwbrjokvnq). Refusing to initialize the real Supabase client.

      431 |       return;
      432 |     }
    > 433 |     originalError(...args);
          |     ^
      434 |   },
      435 |   warn: jest.fn(),
      436 |   log: jest.fn(),

      at Object.error (jest.setup.js:433:5)
      at initSupabase (lib/supabase.ts:67:13)
      at ensureInit (lib/supabase.ts:190:35)
      at lib/supabase.ts:395:9
      at makeDeferredProxy (lib/supabase.ts:277:3)
      at Object.<anonymous> (lib/supabase.ts:394:41)
      at __tests__/unit/lib/supabase-env-guard.test.ts:102:15
      at loadSupabaseModule (__tests__/unit/lib/supabase-env-guard.test.ts:102:15)
      at Object.<anonymous> (__tests__/unit/lib/supabase-env-guard.test.ts:158:34)

    console.error
      [supabase] CRITICAL ENVIRONMENT MISMATCH ΓÇö mismatch (channel=production, expected=xwlwqzzphmmhghiqvkeu, actual=ajsbkocnixpwbrjokvnq). Refusing to initialize the real Supabase client.

      431 |       return;
      432 |     }
    > 433 |     originalError(...args);
          |     ^
      434 |   },
      435 |   warn: jest.fn(),
      436 |   log: jest.fn(),

      at Object.error (jest.setup.js:433:5)
      at initSupabase (lib/supabase.ts:67:13)
      at ensureInit (lib/supabase.ts:190:35)
      at lib/supabase.ts:395:9
      at makeDeferredProxy (lib/supabase.ts:277:3)
      at Object.<anonymous> (lib/supabase.ts:394:41)
      at __tests__/unit/lib/supabase-env-guard.test.ts:102:15
      at loadSupabaseModule (__tests__/unit/lib/supabase-env-guard.test.ts:102:15)
      at Object.<anonymous> (__tests__/unit/lib/supabase-env-guard.test.ts:173:21)

    console.error
      [supabase] CRITICAL ENVIRONMENT MISMATCH ΓÇö mismatch (channel=production, expected=xwlwqzzphmmhghiqvkeu, actual=ajsbkocnixpwbrjokvnq). Refusing to initialize the real Supabase client.

      431 |       return;
      432 |     }
    > 433 |     originalError(...args);
          |     ^
      434 |   },
      435 |   warn: jest.fn(),
      436 |   log: jest.fn(),

      at Object.error (jest.setup.js:433:5)
      at initSupabase (lib/supabase.ts:67:13)
      at ensureInit (lib/supabase.ts:190:35)
      at lib/supabase.ts:395:9
      at makeDeferredProxy (lib/supabase.ts:277:3)
      at Object.<anonymous> (lib/supabase.ts:394:41)
      at __tests__/unit/lib/supabase-env-guard.test.ts:102:15
      at loadSupabaseModule (__tests__/unit/lib/supabase-env-guard.test.ts:102:15)
      at Object.<anonymous> (__tests__/unit/lib/supabase-env-guard.test.ts:188:39)

    console.debug
      [supabase.debug] env {
        hasUrl: true,
        urlPrefix: 'https://xwlwqzzphmmhghiqvkeu.supabase.co',
        hasKey: true
      }

      at initSupabase (lib/supabase.ts:109:11)

    console.debug
      [supabase.debug] env {
        hasUrl: true,
        urlPrefix: 'https://xwlwqzzphmmhghiqvkeu.supabase.co',
        hasKey: true
      }

      at initSupabase (lib/supabase.ts:109:11)

    console.debug
      [supabase.debug] env {
        hasUrl: true,
        urlPrefix: 'https://xwlwqzzphmmhghiqvkeu.supabase.co',
        hasKey: true
      }

      at initSupabase (lib/supabase.ts:109:11)

PASS __tests__/e2e/complete-bounty-flow.test.ts
PASS __tests__/unit/services/message-service.test.ts
  ΓùÅ Console

    console.error
      [sendMessage] sanitizeMessage failed: Error: bad input
          at C:\Users\Kodak\Documents\GitHub\bountyexpo\Bounty-production\__tests__\unit\services\message-service.test.ts:237:13
          at C:\Users\Kodak\Documents\GitHub\bountyexpo\Bounty-production\node_modules\jest-environment-node\node_modules\jest-mock\build\index.js:305:39
          at C:\Users\Kodak\Documents\GitHub\bountyexpo\Bounty-production\node_modules\jest-environment-node\node_modules\jest-mock\build\index.js:312:13
          at mockConstructor (C:\Users\Kodak\Documents\GitHub\bountyexpo\Bounty-production\node_modules\jest-environment-node\node_modules\jest-mock\build\index.js:102:19)
          at Object.sendMessage (C:\Users\Kodak\Documents\GitHub\bountyexpo\Bounty-production\lib\services\message-service.ts:98:38)
          at Object.<anonymous> (C:\Users\Kodak\Documents\GitHub\bountyexpo\Bounty-production\__tests__\unit\services\message-service.test.ts:240:41)
          at Promise.then.completed (C:\Users\Kodak\Documents\GitHub\bountyexpo\Bounty-production\node_modules\jest-circus\build\utils.js:298:28)
          at new Promise (<anonymous>)
          at callAsyncCircusFn (C:\Users\Kodak\Documents\GitHub\bountyexpo\Bounty-production\node_modules\jest-circus\build\utils.js:231:10)
          at _callCircusTest (C:\Users\Kodak\Documents\GitHub\bountyexpo\Bounty-production\node_modules\jest-circus\build\run.js:316:40)
          at processTicksAndRejections (node:internal/process/task_queues:105:5)
          at _runTest (C:\Users\Kodak\Documents\GitHub\bountyexpo\Bounty-production\node_modules\jest-circus\build\run.js:252:3)
          at _runTestsForDescribeBlock (C:\Users\Kodak\Documents\GitHub\bountyexpo\Bounty-production\node_modules\jest-circus\build\run.js:126:9)
          at _runTestsForDescribeBlock (C:\Users\Kodak\Documents\GitHub\bountyexpo\Bounty-production\node_modules\jest-circus\build\run.js:121:9)
          at run (C:\Users\Kodak\Documents\GitHub\bountyexpo\Bounty-production\node_modules\jest-circus\build\run.js:71:3)
          at runAndTransformResultsToJestFormat (C:\Users\Kodak\Documents\GitHub\bountyexpo\Bounty-production\node_modules\jest-circus\build\legacy-code-todo-rewrite\jestAdapterInit.js:122:21)
          at jestAdapter (C:\Users\Kodak\Documents\GitHub\bountyexpo\Bounty-production\node_modules\jest-circus\build\legacy-code-todo-rewrite\jestAdapter.js:79:19)
          at runTestInternal (C:\Users\Kodak\Documents\GitHub\bountyexpo\Bounty-production\node_modules\jest-runner\build\runTest.js:367:16)
          at runTest (C:\Users\Kodak\Documents\GitHub\bountyexpo\Bounty-production\node_modules\jest-runner\build\runTest.js:444:34)
          at Object.worker (C:\Users\Kodak\Documents\GitHub\bountyexpo\Bounty-production\node_modules\jest-runner\build\testWorker.js:106:12)

      431 |       return;
      432 |     }
    > 433 |     originalError(...args);
          |     ^
      434 |   },
      435 |   warn: jest.fn(),
      436 |   log: jest.fn(),

      at Object.error (jest.setup.js:433:5)
      at Object.sendMessage (lib/services/message-service.ts:100:15)
      at Object.<anonymous> (__tests__/unit/services/message-service.test.ts:240:41)

PASS __tests__/unit/hooks/useMessages.test.ts
PASS __tests__/unit/bounty-request-service.test.ts
PASS __tests__/lib/services/skill-service.test.ts
  ΓùÅ Console

    console.error
      [ERROR] network {
        error: {
          name: 'Error',
          message: 'network',
          stack: 'Error: network\n' +
            '    at Object.<anonymous> (C:\\Users\\Kodak\\Documents\\GitHub\\bountyexpo\\Bounty-production\\__tests__\\lib\\services\\skill-service.test.ts:20:48)\n' +
            '    at Promise.then.completed (C:\\Users\\Kodak\\Documents\\GitHub\\bountyexpo\\Bounty-production\\node_modules\\jest-circus\\build\\utils.js:298:28)\n' +
            '    at new Promise (<anonymous>)\n' +
            '    at callAsyncCircusFn (C:\\Users\\Kodak\\Documents\\GitHub\\bountyexpo\\Bounty-production\\node_modules\\jest-circus\\build\\utils.js:231:10)\n' +
            '    at _callCircusTest (C:\\Users\\Kodak\\Documents\\GitHub\\bountyexpo\\Bounty-production\\node_modules\\jest-circus\\build\\run.js:316:40)\n' +
            '    at processTicksAndRejections (node:internal/process/task_queues:105:5)\n' +
            '    at _runTest (C:\\Users\\Kodak\\Documents\\GitHub\\bountyexpo\\Bounty-production\\node_modules\\jest-circus\\build\\run.js:252:3)\n' +
            '    at _runTestsForDescribeBlock (C:\\Users\\Kodak\\Documents\\GitHub\\bountyexpo\\Bounty-production\\node_modules\\jest-circus\\build\\run.js:126:9)\n' +
            '    at _runTestsForDescribeBlock (C:\\Users\\Kodak\\Documents\\GitHub\\bountyexpo\\Bounty-production\\node_modules\\jest-circus\\build\\run.js:121:9)\n' +
            '    at run (C:\\Users\\Kodak\\Documents\\GitHub\\bountyexpo\\Bounty-production\\node_modules\\jest-circus\\build\\run.js:71:3)\n' +
            '    at runAndTransformResultsToJestFormat (C:\\Users\\Kodak\\Documents\\GitHub\\bountyexpo\\Bounty-production\\node_modules\\jest-circus\\build\\legacy-code-todo-rewrite\\jestAdapterInit.js:122:21)\n' +
            '    at jestAdapter (C:\\Users\\Kodak\\Documents\\GitHub\\bountyexpo\\Bounty-production\\node_modules\\jest-circus\\build\\legacy-code-todo-rewrite\\jestAdapter.js:79:19)\n' +
            '    at runTestInternal (C:\\Users\\Kodak\\Documents\\GitHub\\bountyexpo\\Bounty-production\\node_modules\\jest-runner\\build\\runTest.js:367:16)\n' +
            '    at runTest (C:\\Users\\Kodak\\Documents\\GitHub\\bountyexpo\\Bounty-production\\node_modules\\jest-runner\\build\\runTest.js:444:34)\n' +
            '    at Object.worker (C:\\Users\\Kodak\\Documents\\GitHub\\bountyexpo\\Bounty-production\\node_modules\\jest-runner\\build\\testWorker.js:106:12)'
        }
      }

      431 |       return;
      432 |     }
    > 433 |     originalError(...args);
          |     ^
      434 |   },
      435 |   warn: jest.fn(),
      436 |   log: jest.fn(),

      at Object.error (jest.setup.js:433:5)
      at ErrorLogger.log (lib/utils/error-logger.ts:149:17)
      at ErrorLogger.error (lib/utils/error-logger.ts:165:10)
      at Object.getAll (lib/services/skill-service.ts:54:14)
      at Object.<anonymous> (__tests__/lib/services/skill-service.test.ts:21:17)

PASS services/api/src/__tests__/consolidated-auth.test.ts
PASS __tests__/unit/routes/consolidated-webhooks.test.ts
PASS __tests__/unit/dispute-service.test.ts
PASS __tests__/unit/services/escrow-service.test.ts
  ΓùÅ Console

    console.debug
      [config] env diagnostics {
        supabaseUrlSource: 'FALLBACK',
        supabaseAnonSource: 'FALLBACK',
        apiBaseUrlSource: null,
        supabaseUrlPrefix: 'https://test.supabase.co',
        supabaseAnonResolved: true,
        apiBaseUrlPrefix: '(not set)'
      }

      at Object.<anonymous> (lib/config.ts:71:11)

    console.debug
      [supabase.debug] env { hasUrl: true, urlPrefix: 'https://test.supabase.co', hasKey: true }

      at initSupabase (lib/supabase.ts:109:11)

PASS __tests__/integration/deferred-push-registration.test.tsx
PASS __tests__/unit/services/payment-error-handler.test.ts
PASS __tests__/unit/services/receipt-service.test.ts
PASS __tests__/unit/services/bounty-service.test.ts
PASS services/api/src/services/__tests__/consolidated-wallet-service.test.ts
PASS __tests__/unit/services/bounty-service-spam.test.ts
PASS __tests__/unit/services/connect-service.test.ts
  ΓùÅ Console

    console.debug
      [config] env diagnostics {
        supabaseUrlSource: 'FALLBACK',
        supabaseAnonSource: 'FALLBACK',
        apiBaseUrlSource: null,
        supabaseUrlPrefix: 'https://test.supabase.co',
        supabaseAnonResolved: true,
        apiBaseUrlPrefix: '(not set)'
      }

      at Object.<anonymous> (lib/config.ts:71:11)

    console.debug
      [supabase.debug] env { hasUrl: true, urlPrefix: 'https://test.supabase.co', hasKey: true }

      at initSupabase (lib/supabase.ts:109:11)

PASS __tests__/lib/services/analytics-service.test.ts
PASS __tests__/integration/bounty-creation.test.ts
  ΓùÅ Console

    console.error
      [ERROR] Error creating bounty (showing once until reload) {
        bounty: {
          title: 'Test bounty',
          description: 'Test description',
          amount: 50,
          is_for_honor: false,
          poster_id: 'user_123',
          status: 'open',
          location: '',
          timeline: '',
          skills_required: ''
        },
        error: {
          message: 'Rate limit exceeded: You can only create 10 bounties per day. Please try again tomorrow.',
          stack: 'Error: Rate limit exceeded: You can only create 10 bounties per day. Please try again tomorrow.\n' +
            '    at Object.create (C:\\Users\\Kodak\\Documents\\GitHub\\bountyexpo\\Bounty-production\\lib\\services\\bounty-service.ts:782:19)\n' +
            '    at processTicksAndRejections (node:internal/process/task_queues:105:5)\n' +
            '    at Object.<anonymous> (C:\\Users\\Kodak\\Documents\\GitHub\\bountyexpo\\Bounty-production\\__tests__\\integration\\bounty-creation.test.ts:179:7)'
        }
      }

      431 |       return;
      432 |     }
    > 433 |     originalError(...args);
          |     ^
      434 |   },
      435 |   warn: jest.fn(),
      436 |   log: jest.fn(),

      at Object.error (jest.setup.js:433:5)
      at ErrorLogger.log (lib/utils/error-logger.ts:149:17)
      at ErrorLogger.error (lib/utils/error-logger.ts:165:10)
      at logOnce (lib/services/bounty-service.ts:78:12)
      at Object.create (lib/services/bounty-service.ts:968:7)
      at Object.<anonymous> (__tests__/integration/bounty-creation.test.ts:179:7)

PASS __tests__/unit/services/wallet-routes.test.ts
PASS __tests__/unit/utils/sanitization.test.ts
PASS __tests__/unit/utils/auth-errors.test.ts
PASS services/api/src/services/__tests__/notification-service.test.ts
PASS __tests__/unit/utils/performance-monitor.test.ts
  ΓùÅ Console

    console.error
      [Performance] No metric found with name: non-existent

      431 |       return;
      432 |     }
    > 433 |     originalError(...args);
          |     ^
      434 |   },
      435 |   warn: jest.fn(),
      436 |   log: jest.fn(),

      at Object.error (jest.setup.js:433:5)
      at PerformanceMonitor.end (lib/utils/performance-monitor.tsx:57:15)
      at Object.<anonymous> (__tests__/unit/utils/performance-monitor.test.ts:88:43)

PASS __tests__/unit/services/completion-service.test.ts
PASS services/api/src/__tests__/bank-accounts.test.ts
  ΓùÅ Console

    console.info
      {
        userId: 'user_test_123',
        accountId: 'acct_test_123',
        bankAccountId: 'ba_test_123456',
        last4: '6789'
      } [StripeConnect] Added bank account

      at Object.info (services/api/src/services/logger.ts:11:70)

    console.info
      {
        userId: 'user_test_123',
        accountId: 'acct_test_123',
        bankAccountId: 'ba_test_123456'
      } [StripeConnect] Removed bank account

      at Object.info (services/api/src/services/logger.ts:11:70)

    console.info
      {
        userId: 'user_test_123',
        accountId: 'acct_test_123',
        bankAccountId: 'ba_test_123456'
      } [StripeConnect] Set default bank account

      at Object.info (services/api/src/services/logger.ts:11:70)

PASS __tests__/unit/push-receipts.test.ts
PASS __tests__/unit/services/storage-service-optimizations.test.ts
  ΓùÅ Console

    console.error
      [StorageService] Supabase upload failed: Error: Upload failed
          at Object.<anonymous> (C:\Users\Kodak\Documents\GitHub\bountyexpo\Bounty-production\__tests__\unit\services\storage-service-optimizations.test.ts:188:61)
          at Promise.then.completed (C:\Users\Kodak\Documents\GitHub\bountyexpo\Bounty-production\node_modules\jest-circus\build\utils.js:298:28)
          at new Promise (<anonymous>)
          at callAsyncCircusFn (C:\Users\Kodak\Documents\GitHub\bountyexpo\Bounty-production\node_modules\jest-circus\build\utils.js:231:10)
          at _callCircusTest (C:\Users\Kodak\Documents\GitHub\bountyexpo\Bounty-production\node_modules\jest-circus\build\run.js:316:40)
          at processTicksAndRejections (node:internal/process/task_queues:105:5)
          at _runTest (C:\Users\Kodak\Documents\GitHub\bountyexpo\Bounty-production\node_modules\jest-circus\build\run.js:252:3)
          at _runTestsForDescribeBlock (C:\Users\Kodak\Documents\GitHub\bountyexpo\Bounty-production\node_modules\jest-circus\build\run.js:126:9)
          at _runTestsForDescribeBlock (C:\Users\Kodak\Documents\GitHub\bountyexpo\Bounty-production\node_modules\jest-circus\build\run.js:121:9)
          at _runTestsForDescribeBlock (C:\Users\Kodak\Documents\GitHub\bountyexpo\Bounty-production\node_modules\jest-circus\build\run.js:121:9)
          at run (C:\Users\Kodak\Documents\GitHub\bountyexpo\Bounty-production\node_modules\jest-circus\build\run.js:71:3)
          at runAndTransformResultsToJestFormat (C:\Users\Kodak\Documents\GitHub\bountyexpo\Bounty-production\node_modules\jest-circus\build\legacy-code-todo-rewrite\jestAdapterInit.js:122:21)
          at jestAdapter (C:\Users\Kodak\Documents\GitHub\bountyexpo\Bounty-production\node_modules\jest-circus\build\legacy-code-todo-rewrite\jestAdapter.js:79:19)
          at runTestInternal (C:\Users\Kodak\Documents\GitHub\bountyexpo\Bounty-production\node_modules\jest-runner\build\runTest.js:367:16)
          at runTest (C:\Users\Kodak\Documents\GitHub\bountyexpo\Bounty-production\node_modules\jest-runner\build\runTest.js:444:34)
          at Object.worker (C:\Users\Kodak\Documents\GitHub\bountyexpo\Bounty-production\node_modules\jest-runner\build\testWorker.js:106:12)

      431 |       return;
      432 |     }
    > 433 |     originalError(...args);
          |     ^
      434 |   },
      435 |   warn: jest.fn(),
      436 |   log: jest.fn(),

      at Object.error (jest.setup.js:433:5)
      at Object._uploadToSupabase (lib/services/storage-service.ts:345:15)
      at Object.uploadFile (lib/services/storage-service.ts:43:16)
      at Object.<anonymous> (__tests__/unit/services/storage-service-optimizations.test.ts:194:22)

    console.error
      [StorageService] Upload failed, trying AsyncStorage fallback: Error: Upload to Supabase failed: Upload failed
          at Object._uploadToSupabase (C:\Users\Kodak\Documents\GitHub\bountyexpo\Bounty-production\lib\services\storage-service.ts:346:13)
          at processTicksAndRejections (node:internal/process/task_queues:105:5)
          at Object.uploadFile (C:\Users\Kodak\Documents\GitHub\bountyexpo\Bounty-production\lib\services\storage-service.ts:43:16)
          at Object.<anonymous> (C:\Users\Kodak\Documents\GitHub\bountyexpo\Bounty-production\__tests__\unit\services\storage-service-optimizations.test.ts:194:22)

      431 |       return;
      432 |     }
    > 433 |     originalError(...args);
          |     ^
      434 |   },
      435 |   warn: jest.fn(),
      436 |   log: jest.fn(),

      at Object.error (jest.setup.js:433:5)
      at Object.uploadFile (lib/services/storage-service.ts:49:15)
      at Object.<anonymous> (__tests__/unit/services/storage-service-optimizations.test.ts:194:22)

    console.error
      [StorageService] AsyncStorage save failed: Error: AsyncStorage is not available or not properly initialized
          at Object._saveToAsyncStorage (C:\Users\Kodak\Documents\GitHub\bountyexpo\Bounty-production\lib\services\storage-service.ts:357:15)
          at Object.uploadFile (C:\Users\Kodak\Documents\GitHub\bountyexpo\Bounty-production\lib\services\storage-service.ts:51:25)
          at processTicksAndRejections (node:internal/process/task_queues:105:5)
          at Object.<anonymous> (C:\Users\Kodak\Documents\GitHub\bountyexpo\Bounty-production\__tests__\unit\services\storage-service-optimizations.test.ts:194:22)

      431 |       return;
      432 |     }
    > 433 |     originalError(...args);
          |     ^
      434 |   },
      435 |   warn: jest.fn(),
      436 |   log: jest.fn(),

      at Object.error (jest.setup.js:433:5)
      at Object._saveToAsyncStorage (lib/services/storage-service.ts:408:15)
      at Object.uploadFile (lib/services/storage-service.ts:51:25)
      at Object.<anonymous> (__tests__/unit/services/storage-service-optimizations.test.ts:194:22)

PASS __tests__/unit/services/data-export.test.ts
  ΓùÅ Console

    console.error
      [DataExport] File write failed: Error: File write failed
          at Object.<anonymous> (C:\Users\Kodak\Documents\GitHub\bountyexpo\Bounty-production\__tests__\unit\services\data-export.test.ts:271:55)
          at Promise.then.completed (C:\Users\Kodak\Documents\GitHub\bountyexpo\Bounty-production\node_modules\jest-circus\build\utils.js:298:28)
          at new Promise (<anonymous>)
          at callAsyncCircusFn (C:\Users\Kodak\Documents\GitHub\bountyexpo\Bounty-production\node_modules\jest-circus\build\utils.js:231:10)
          at _callCircusTest (C:\Users\Kodak\Documents\GitHub\bountyexpo\Bounty-production\node_modules\jest-circus\build\run.js:316:40)
          at processTicksAndRejections (node:internal/process/task_queues:105:5)
          at _runTest (C:\Users\Kodak\Documents\GitHub\bountyexpo\Bounty-production\node_modules\jest-circus\build\run.js:252:3)
          at _runTestsForDescribeBlock (C:\Users\Kodak\Documents\GitHub\bountyexpo\Bounty-production\node_modules\jest-circus\build\run.js:126:9)
          at _runTestsForDescribeBlock (C:\Users\Kodak\Documents\GitHub\bountyexpo\Bounty-production\node_modules\jest-circus\build\run.js:121:9)
          at _runTestsForDescribeBlock (C:\Users\Kodak\Documents\GitHub\bountyexpo\Bounty-production\node_modules\jest-circus\build\run.js:121:9)
          at run (C:\Users\Kodak\Documents\GitHub\bountyexpo\Bounty-production\node_modules\jest-circus\build\run.js:71:3)
          at runAndTransformResultsToJestFormat (C:\Users\Kodak\Documents\GitHub\bountyexpo\Bounty-production\node_modules\jest-circus\build\legacy-code-todo-rewrite\jestAdapterInit.js:122:21)
          at jestAdapter (C:\Users\Kodak\Documents\GitHub\bountyexpo\Bounty-production\node_modules\jest-circus\build\legacy-code-todo-rewrite\jestAdapter.js:79:19)
          at runTestInternal (C:\Users\Kodak\Documents\GitHub\bountyexpo\Bounty-production\node_modules\jest-runner\build\runTest.js:367:16)
          at runTest (C:\Users\Kodak\Documents\GitHub\bountyexpo\Bounty-production\node_modules\jest-runner\build\runTest.js:444:34)
          at Object.worker (C:\Users\Kodak\Documents\GitHub\bountyexpo\Bounty-production\node_modules\jest-runner\build\testWorker.js:106:12)

      431 |       return;
      432 |     }
    > 433 |     originalError(...args);
          |     ^
      434 |   },
      435 |   warn: jest.fn(),
      436 |   log: jest.fn(),

      at Object.error (jest.setup.js:433:5)
      at exportUserData (lib/services/data-export-service.ts:355:15)
      at Object.<anonymous> (__tests__/unit/services/data-export.test.ts:273:22)

    console.error
      [DataExport] Share error: Error: Share failed
          at Object.<anonymous> (C:\Users\Kodak\Documents\GitHub\bountyexpo\Bounty-production\__tests__\unit\services\data-export.test.ts:358:44)
          at Promise.then.completed (C:\Users\Kodak\Documents\GitHub\bountyexpo\Bounty-production\node_modules\jest-circus\build\utils.js:298:28)
          at new Promise (<anonymous>)
          at callAsyncCircusFn (C:\Users\Kodak\Documents\GitHub\bountyexpo\Bounty-production\node_modules\jest-circus\build\utils.js:231:10)
          at _callCircusTest (C:\Users\Kodak\Documents\GitHub\bountyexpo\Bounty-production\node_modules\jest-circus\build\run.js:316:40)
          at processTicksAndRejections (node:internal/process/task_queues:105:5)
          at _runTest (C:\Users\Kodak\Documents\GitHub\bountyexpo\Bounty-production\node_modules\jest-circus\build\run.js:252:3)
          at _runTestsForDescribeBlock (C:\Users\Kodak\Documents\GitHub\bountyexpo\Bounty-production\node_modules\jest-circus\build\run.js:126:9)
          at _runTestsForDescribeBlock (C:\Users\Kodak\Documents\GitHub\bountyexpo\Bounty-production\node_modules\jest-circus\build\run.js:121:9)
          at _runTestsForDescribeBlock (C:\Users\Kodak\Documents\GitHub\bountyexpo\Bounty-production\node_modules\jest-circus\build\run.js:121:9)
          at run (C:\Users\Kodak\Documents\GitHub\bountyexpo\Bounty-production\node_modules\jest-circus\build\run.js:71:3)
          at runAndTransformResultsToJestFormat (C:\Users\Kodak\Documents\GitHub\bountyexpo\Bounty-production\node_modules\jest-circus\build\legacy-code-todo-rewrite\jestAdapterInit.js:122:21)
          at jestAdapter (C:\Users\Kodak\Documents\GitHub\bountyexpo\Bounty-production\node_modules\jest-circus\build\legacy-code-todo-rewrite\jestAdapter.js:79:19)
          at runTestInternal (C:\Users\Kodak\Documents\GitHub\bountyexpo\Bounty-production\node_modules\jest-runner\build\runTest.js:367:16)
          at runTest (C:\Users\Kodak\Documents\GitHub\bountyexpo\Bounty-production\node_modules\jest-runner\build\runTest.js:444:34)
          at Object.worker (C:\Users\Kodak\Documents\GitHub\bountyexpo\Bounty-production\node_modules\jest-runner\build\testWorker.js:106:12)

      431 |       return;
      432 |     }
    > 433 |     originalError(...args);
          |     ^
      434 |   },
      435 |   warn: jest.fn(),
      436 |   log: jest.fn(),

      at Object.error (jest.setup.js:433:5)
      at exportAndShareUserData (lib/services/data-export-service.ts:412:13)
      at Object.<anonymous> (__tests__/unit/services/data-export.test.ts:360:22)

PASS __tests__/unit/security/two-factor-auth.test.ts
PASS __tests__/unit/pipeline-safeguards.test.ts
PASS __tests__/unit/services/auth-signin.test.ts
PASS __tests__/unit/components/settings-screen.logout.test.tsx
  ΓùÅ Console

    console.debug
      [config] env diagnostics {
        supabaseUrlSource: 'FALLBACK',
        supabaseAnonSource: 'FALLBACK',
        apiBaseUrlSource: null,
        supabaseUrlPrefix: 'https://test.supabase.co',
        supabaseAnonResolved: true,
        apiBaseUrlPrefix: '(not set)'
      }

      at Object.<anonymous> (lib/config.ts:71:11)

    console.debug
      [supabase.debug] env { hasUrl: true, urlPrefix: 'https://test.supabase.co', hasKey: true }

      at initSupabase (lib/supabase.ts:109:11)

PASS __tests__/unit/services/auth-service.test.ts
PASS services/api/src/services/__tests__/consolidated-payment-service.test.ts
  ΓùÅ Console

    console.info
      { userId: 'user-1', customerId: 'cus_test_123' } [PaymentService] createStripeCustomerForNewUser: Stripe customer created

      at Object.info (services/api/src/services/logger.ts:11:70)

    console.info
      { userId: 'user-no-email', customerId: 'cus_no_email' } [PaymentService] createStripeCustomerForNewUser: Stripe customer created

      at Object.info (services/api/src/services/logger.ts:11:70)

    console.info
      { userId: 'user-2', customerId: 'cus_test_456' } [PaymentService] createStripeCustomerForNewUser: Stripe customer created

      at Object.info (services/api/src/services/logger.ts:11:70)

    console.error
      {
        userId: 'user-3',
        customerId: 'cus_test_789',
        error: { message: 'DB error' }
      } [PaymentService] createStripeCustomerForNewUser: failed to save customer ID to profile

      431 |       return;
      432 |     }
    > 433 |     originalError(...args);
          |     ^
      434 |   },
      435 |   warn: jest.fn(),
      436 |   log: jest.fn(),

      at error (jest.setup.js:433:5)
      at Object.error (services/api/src/services/logger.ts:11:70)
      at createStripeCustomerForNewUser (services/api/src/services/consolidated-payment-service.ts:152:14)
      at Object.<anonymous> (services/api/src/services/__tests__/consolidated-payment-service.test.ts:120:20)

    console.info
      { userId: 'user-3', customerId: 'cus_test_789' } [PaymentService] createStripeCustomerForNewUser: Stripe customer created

      at Object.info (services/api/src/services/logger.ts:11:70)

    console.error
      {
        userId: 'user-4',
        error: Error: Stripe API error
            at Object.<anonymous> (C:\Users\Kodak\Documents\GitHub\bountyexpo\Bounty-production\services\api\src\services\__tests__\consolidated-payment-service.test.ts:127:43)
            at Promise.then.completed (C:\Users\Kodak\Documents\GitHub\bountyexpo\Bounty-production\node_modules\jest-circus\build\utils.js:298:28)
            at new Promise (<anonymous>)
            at callAsyncCircusFn (C:\Users\Kodak\Documents\GitHub\bountyexpo\Bounty-production\node_modules\jest-circus\build\utils.js:231:10)
            at _callCircusTest (C:\Users\Kodak\Documents\GitHub\bountyexpo\Bounty-production\node_modules\jest-circus\build\run.js:316:40)
            at processTicksAndRejections (node:internal/process/task_queues:105:5)
            at _runTest (C:\Users\Kodak\Documents\GitHub\bountyexpo\Bounty-production\node_modules\jest-circus\build\run.js:252:3)
            at _runTestsForDescribeBlock (C:\Users\Kodak\Documents\GitHub\bountyexpo\Bounty-production\node_modules\jest-circus\build\run.js:126:9)
            at _runTestsForDescribeBlock (C:\Users\Kodak\Documents\GitHub\bountyexpo\Bounty-production\node_modules\jest-circus\build\run.js:121:9)
            at run (C:\Users\Kodak\Documents\GitHub\bountyexpo\Bounty-production\node_modules\jest-circus\build\run.js:71:3)
            at runAndTransformResultsToJestFormat (C:\Users\Kodak\Documents\GitHub\bountyexpo\Bounty-production\node_modules\jest-circus\build\legacy-code-todo-rewrite\jestAdapterInit.js:122:21)
            at jestAdapter (C:\Users\Kodak\Documents\GitHub\bountyexpo\Bounty-production\node_modules\jest-circus\build\legacy-code-todo-rewrite\jestAdapter.js:79:19)
            at runTestInternal (C:\Users\Kodak\Documents\GitHub\bountyexpo\Bounty-production\node_modules\jest-runner\build\runTest.js:367:16)
            at runTest (C:\Users\Kodak\Documents\GitHub\bountyexpo\Bounty-production\node_modules\jest-runner\build\runTest.js:444:34)
            at Object.worker (C:\Users\Kodak\Documents\GitHub\bountyexpo\Bounty-production\node_modules\jest-runner\build\testWorker.js:106:12)
      } [PaymentService] createStripeCustomerForNewUser: failed to create Stripe customer

      431 |       return;
      432 |     }
    > 433 |     originalError(...args);
          |     ^
      434 |   },
      435 |   warn: jest.fn(),
      436 |   log: jest.fn(),

      at error (jest.setup.js:433:5)
      at Object.error (services/api/src/services/logger.ts:11:70)
      at createStripeCustomerForNewUser (services/api/src/services/consolidated-payment-service.ts:166:12)
      at Object.<anonymous> (services/api/src/services/__tests__/consolidated-payment-service.test.ts:130:20)

    console.info
      { userId: 'user-5', customerId: 'cus_idempotent' } [PaymentService] createStripeCustomerForNewUser: Stripe customer created

      at Object.info (services/api/src/services/logger.ts:11:70)

    console.info
      { userId: 'user-5', customerId: 'cus_idempotent' } [PaymentService] createStripeCustomerForNewUser: Stripe customer created

      at Object.info (services/api/src/services/logger.ts:11:70)

PASS __tests__/integration/api/bounty-service.test.ts
PASS __tests__/unit/services/apple-pay-receipt-service.test.ts
  ΓùÅ Console

    console.info
      {
        to: 'test@example.com',
        subject: 'BOUNTY - Apple Pay Receipt ($25.50)',
        transactionId: 'txn_123456789'
      } [ApplePayReceipt] Email receipt would be sent (not yet implemented)

      at Object.info (services/api/src/services/logger.ts:11:70)

    console.info
      {
        transactionId: 'txn_123456789',
        userId: 'user_abc',
        amount: 25.5,
        receipt: 'ΓöüΓöüΓöüΓöüΓöüΓöüΓöüΓöüΓöüΓöüΓöüΓöüΓöüΓöüΓöüΓöüΓöüΓöüΓöüΓöüΓöüΓöüΓöüΓöüΓöüΓöüΓöüΓöüΓöüΓöüΓöü\n' +
          '       BOUNTY RECEIPT\n' +
          'ΓöüΓöüΓöüΓöüΓöüΓöüΓöüΓöüΓöüΓöüΓöüΓöüΓöüΓöüΓöüΓöüΓöüΓöüΓöüΓöüΓöüΓöüΓöüΓöüΓöüΓöüΓöüΓöüΓöüΓöüΓöü\n' +
          '\n' +
          'Γ£ô Payment Successful\n' +
          '\n' +
          'Amount: $25.50\n' +
          'Payment Method: Apple Pay\n' +
          '\n' +
          'ΓöüΓöüΓöüΓöüΓöüΓöüΓöüΓöüΓöüΓöüΓöüΓöüΓöüΓöüΓöüΓöüΓöüΓöüΓöüΓöüΓöüΓöüΓöüΓöüΓöüΓöüΓöüΓöüΓöüΓöüΓöü\n' +
          '\n' +
          'Transaction Details:\n' +
          '  Type: Wallet Deposit\n' +
          '  Date: January 15, 2024\n' +
          '  Time: 02:30 AM\n' +
          '  Status: Completed\n' +
          '  \n' +
          '  Transaction ID:\n' +
          '  txn_123456789\n' +
          '  \n' +
          '  Payment Intent ID:\n' +
          '  pi_123456789\n' +
          '\n' +
          'ΓöüΓöüΓöüΓöüΓöüΓöüΓöüΓöüΓöüΓöüΓöüΓöüΓöüΓöüΓöüΓöüΓöüΓöüΓöüΓöüΓöüΓöüΓöüΓöüΓöüΓöüΓöüΓöüΓöüΓöüΓöü\n' +
          '\n' +
          'Security: This transaction was processed\n' +
          'securely through Apple Pay and Stripe.\n' +
          '\n' +
          'Questions? support@bountyexpo.com\n' +
          '\n' +
          'ΓöüΓöüΓöüΓöüΓöüΓöüΓöüΓöüΓöüΓöüΓöüΓöüΓöüΓöüΓöüΓöüΓöüΓöüΓöüΓöüΓöüΓöüΓöüΓöüΓöüΓöüΓöüΓöüΓöüΓöüΓöü\n' +
          '   Thank you for using BOUNTY\n' +
          'ΓöüΓöüΓöüΓöüΓöüΓöüΓöüΓöüΓöüΓöüΓöüΓöüΓöüΓöüΓöüΓöüΓöüΓöüΓöüΓöüΓöüΓöüΓöüΓöüΓöüΓöüΓöüΓöüΓöüΓöüΓöü'
      } [ApplePayReceipt] Receipt generated

      at Object.info (services/api/src/services/logger.ts:11:70)

PASS __tests__/unit/security/captcha-challenge.test.ts
PASS __tests__/unit/services/stripe-internal.test.ts
PASS __tests__/unit/services/search-service.test.ts
PASS __tests__/lib/services/blocking-service.test.ts
  ΓùÅ Console

    console.error
      [ERROR] Error checking block status: {
        error: {
          name: 'TypeError',
          message: 'supabase_1.supabase.from(...).select(...).eq(...).eq is not a function',
          stack: 'TypeError: supabase_1.supabase.from(...).select(...).eq(...).eq is not a function\n' +
            '    at Object.isUserBlocked (C:\\Users\\Kodak\\Documents\\GitHub\\bountyexpo\\Bounty-production\\lib\\services\\blocking-service.ts:97:10)\n' +
            '    at Object.<anonymous> (C:\\Users\\Kodak\\Documents\\GitHub\\bountyexpo\\Bounty-production\\__tests__\\lib\\services\\blocking-service.test.ts:58:39)\n' +
            '    at Promise.then.completed (C:\\Users\\Kodak\\Documents\\GitHub\\bountyexpo\\Bounty-production\\node_modules\\jest-circus\\build\\utils.js:298:28)\n' +
            '    at new Promise (<anonymous>)\n' +
            '    at callAsyncCircusFn (C:\\Users\\Kodak\\Documents\\GitHub\\bountyexpo\\Bounty-production\\node_modules\\jest-circus\\build\\utils.js:231:10)\n' +
            '    at _callCircusTest (C:\\Users\\Kodak\\Documents\\GitHub\\bountyexpo\\Bounty-production\\node_modules\\jest-circus\\build\\run.js:316:40)\n' +
            '    at processTicksAndRejections (node:internal/process/task_queues:105:5)\n' +
            '    at _runTest (C:\\Users\\Kodak\\Documents\\GitHub\\bountyexpo\\Bounty-production\\node_modules\\jest-circus\\build\\run.js:252:3)\n' +
            '    at _runTestsForDescribeBlock (C:\\Users\\Kodak\\Documents\\GitHub\\bountyexpo\\Bounty-production\\node_modules\\jest-circus\\build\\run.js:126:9)\n' +
            '    at _runTestsForDescribeBlock (C:\\Users\\Kodak\\Documents\\GitHub\\bountyexpo\\Bounty-production\\node_modules\\jest-circus\\build\\run.js:121:9)\n' +
            '    at run (C:\\Users\\Kodak\\Documents\\GitHub\\bountyexpo\\Bounty-production\\node_modules\\jest-circus\\build\\run.js:71:3)\n' +
            '    at runAndTransformResultsToJestFormat (C:\\Users\\Kodak\\Documents\\GitHub\\bountyexpo\\Bounty-production\\node_modules\\jest-circus\\build\\legacy-code-todo-rewrite\\jestAdapterInit.js:122:21)\n' +
            '    at jestAdapter (C:\\Users\\Kodak\\Documents\\GitHub\\bountyexpo\\Bounty-production\\node_modules\\jest-circus\\build\\legacy-code-todo-rewrite\\jestAdapter.js:79:19)\n' +
            '    at runTestInternal (C:\\Users\\Kodak\\Documents\\GitHub\\bountyexpo\\Bounty-production\\node_modules\\jest-runner\\build\\runTest.js:367:16)\n' +
            '    at runTest (C:\\Users\\Kodak\\Documents\\GitHub\\bountyexpo\\Bounty-production\\node_modules\\jest-runner\\build\\runTest.js:444:34)\n' +
            '    at Object.worker (C:\\Users\\Kodak\\Documents\\GitHub\\bountyexpo\\Bounty-production\\node_modules\\jest-runner\\build\\testWorker.js:106:12)'
        }
      }

      431 |       return;
      432 |     }
    > 433 |     originalError(...args);
          |     ^
      434 |   },
      435 |   warn: jest.fn(),
      436 |   log: jest.fn(),

      at Object.error (jest.setup.js:433:5)
      at ErrorLogger.log (lib/utils/error-logger.ts:149:17)
      at ErrorLogger.error (lib/utils/error-logger.ts:165:10)
      at Object.isUserBlocked (lib/services/blocking-service.ts:108:14)
      at Object.<anonymous> (__tests__/lib/services/blocking-service.test.ts:58:39)

PASS __tests__/unit/lib/secure-storage.test.ts
PASS services/api/src/__tests__/auth.middleware.test.ts
PASS __tests__/unit/security/phone-verification.test.ts
PASS __tests__/unit/services/report-service.test.ts
  ΓùÅ Console

    console.error
      Could not create admin notification: Notification table error

      431 |       return;
      432 |     }
    > 433 |     originalError(...args);
          |     ^
      434 |   },
      435 |   warn: jest.fn(),
      436 |   log: jest.fn(),

      at Object.error (jest.setup.js:433:5)
      at notifyAdminsOfReport (lib/services/report-service.ts:66:15)
      at Object.reportBounty (lib/services/report-service.ts:105:7)
      at Object.<anonymous> (__tests__/unit/services/report-service.test.ts:196:22)

    console.error
      Error submitting bounty report: { message: 'Database error' }

      431 |       return;
      432 |     }
    > 433 |     originalError(...args);
          |     ^
      434 |   },
      435 |   warn: jest.fn(),
      436 |   log: jest.fn(),

      at Object.error (jest.setup.js:433:5)
      at Object.reportBounty (lib/services/report-service.ts:100:17)
      at Object.<anonymous> (__tests__/unit/services/report-service.test.ts:334:22)

    console.error
      Error updating report status: { message: 'Update failed' }

      431 |       return;
      432 |     }
    > 433 |     originalError(...args);
          |     ^
      434 |   },
      435 |   warn: jest.fn(),
      436 |   log: jest.fn(),

      at Object.error (jest.setup.js:433:5)
      at Object.updateReportStatus (lib/services/report-service.ts:257:17)
      at Object.<anonymous> (__tests__/unit/services/report-service.test.ts:375:22)

PASS services/api/src/__tests__/wallet-routes-deprecated.test.ts
PASS __tests__/integration/remember-me-cold-start.test.tsx
PASS __tests__/unit/utils/network-connectivity.test.ts
  ΓùÅ Console

    console.error
      [NetworkConnectivity] Error checking network state: Error: NetInfo unavailable
          at Object.<anonymous> (C:\Users\Kodak\Documents\GitHub\bountyexpo\Bounty-production\__tests__\unit\utils\network-connectivity.test.ts:141:43)
          at Promise.then.completed (C:\Users\Kodak\Documents\GitHub\bountyexpo\Bounty-production\node_modules\jest-circus\build\utils.js:298:28)
          at new Promise (<anonymous>)
          at callAsyncCircusFn (C:\Users\Kodak\Documents\GitHub\bountyexpo\Bounty-production\node_modules\jest-circus\build\utils.js:231:10)
          at _callCircusTest (C:\Users\Kodak\Documents\GitHub\bountyexpo\Bounty-production\node_modules\jest-circus\build\run.js:316:40)
          at processTicksAndRejections (node:internal/process/task_queues:105:5)
          at _runTest (C:\Users\Kodak\Documents\GitHub\bountyexpo\Bounty-production\node_modules\jest-circus\build\run.js:252:3)
          at _runTestsForDescribeBlock (C:\Users\Kodak\Documents\GitHub\bountyexpo\Bounty-production\node_modules\jest-circus\build\run.js:126:9)
          at _runTestsForDescribeBlock (C:\Users\Kodak\Documents\GitHub\bountyexpo\Bounty-production\node_modules\jest-circus\build\run.js:121:9)
          at _runTestsForDescribeBlock (C:\Users\Kodak\Documents\GitHub\bountyexpo\Bounty-production\node_modules\jest-circus\build\run.js:121:9)
          at run (C:\Users\Kodak\Documents\GitHub\bountyexpo\Bounty-production\node_modules\jest-circus\build\run.js:71:3)
          at runAndTransformResultsToJestFormat (C:\Users\Kodak\Documents\GitHub\bountyexpo\Bounty-production\node_modules\jest-circus\build\legacy-code-todo-rewrite\jestAdapterInit.js:122:21)
          at jestAdapter (C:\Users\Kodak\Documents\GitHub\bountyexpo\Bounty-production\node_modules\jest-circus\build\legacy-code-todo-rewrite\jestAdapter.js:79:19)
          at runTestInternal (C:\Users\Kodak\Documents\GitHub\bountyexpo\Bounty-production\node_modules\jest-runner\build\runTest.js:367:16)
          at runTest (C:\Users\Kodak\Documents\GitHub\bountyexpo\Bounty-production\node_modules\jest-runner\build\runTest.js:444:34)
          at Object.worker (C:\Users\Kodak\Documents\GitHub\bountyexpo\Bounty-production\node_modules\jest-runner\build\testWorker.js:106:12)

      431 |       return;
      432 |     }
    > 433 |     originalError(...args);
          |     ^
      434 |   },
      435 |   warn: jest.fn(),
      436 |   log: jest.fn(),

      at Object.error (jest.setup.js:433:5)
      at checkNetworkConnectivity (lib/utils/network-connectivity.ts:30:13)
      at Object.<anonymous> (__tests__/unit/utils/network-connectivity.test.ts:143:22)

PASS __tests__/unit/utils/error-messages.test.ts
PASS lib/services/__tests__/bounty-service.test.ts
PASS __tests__/integration/api/financial-route-resolution.test.ts
PASS __tests__/lib/mixpanel.test.ts
PASS __tests__/unit/utils/image-utils.test.ts
PASS __tests__/unit/lib/auth-session-storage.test.ts
PASS __tests__/unit/utils/password-validation.test.ts
PASS __tests__/accessibility/bottom-nav.test.tsx
PASS __tests__/accessibility/button.test.tsx
PASS __tests__/unit/services/error-handling.test.ts
PASS __tests__/unit/atomic-bounty-escrow.test.ts
PASS __tests__/unit/security/email-verification.test.ts
PASS __tests__/unit/services/stripe-service-applepay.test.ts
PASS __tests__/unit/services/feedback-service.test.ts
  ΓùÅ Console

    console.error
      [FeedbackService] Bug report submission failed: { message: 'DB error' }

      431 |       return;
      432 |     }
    > 433 |     originalError(...args);
          |     ^
      434 |   },
      435 |   warn: jest.fn(),
      436 |   log: jest.fn(),

      at Object.error (jest.setup.js:433:5)
      at Object.submitBugReport (lib/services/feedback-service.ts:181:17)
      at Object.<anonymous> (__tests__/unit/services/feedback-service.test.ts:131:22)

    console.error
      [FeedbackService] Feature request submission failed: { message: 'insert failed' }

      431 |       return;
      432 |     }
    > 433 |     originalError(...args);
          |     ^
      434 |   },
      435 |   warn: jest.fn(),
      436 |   log: jest.fn(),

      at Object.error (jest.setup.js:433:5)
      at Object.submitFeatureRequest (lib/services/feedback-service.ts:238:17)
      at Object.<anonymous> (__tests__/unit/services/feedback-service.test.ts:233:22)

PASS __tests__/unit/hooks/waitForAuthEvent.test.ts
PASS __tests__/integration/rls-wallet-transactions.test.ts
PASS __tests__/e2e/payment-flow.test.ts
PASS __tests__/unit/utils/auth-validation.test.ts
PASS __tests__/unit/utils/bounty-validation.test.ts
PASS lib/__tests__/notification-service.test.ts
PASS __tests__/unit/recipients-normalize.test.ts
PASS __tests__/unit/wallet-balance-persistence.test.ts
PASS __tests__/unit/utils/verification-badges.test.ts
PASS __tests__/unit/lib/env-guard.test.ts
PASS __tests__/unit/services/payment-service-refund.test.ts
PASS __tests__/unit/username-uniqueness.test.ts
PASS lib/security/__tests__/input-sanitization.test.ts
PASS __tests__/lib/posthog.test.ts
PASS __tests__/unit/logout-optimization.test.ts
PASS services/api/src/__tests__/unified-auth.test.ts
PASS __tests__/unit/utils/utils.test.ts
PASS __tests__/unit/services/stripe-sdk.test.ts
PASS __tests__/unit/lib/supabase-auth.test.ts
PASS __tests__/unit/components/chat-enhancements.test.ts
PASS __tests__/lib/services/navigation-intent.test.ts
PASS lib/utils/__tests__/postgrest-utils.test.ts
PASS __tests__/lib/services/transaction-service.test.ts
PASS __tests__/integration/api/auth-flow.test.ts
PASS __tests__/unit/utils/image-utils-optimizations.test.ts
PASS __tests__/unit/notification-preferences-decision.test.ts
PASS __tests__/integration/profile-loading.test.ts
PASS __tests__/unit/haptic-feedback.test.ts
PASS __tests__/integration/auth-signup-autosignin.test.ts
PASS __tests__/unit/utils/avatar-utils.test.ts
PASS __tests__/unit/lib/services/websocket-adapter.connect.test.ts
PASS __tests__/unit/services/completion-approval-guards.test.ts
PASS __tests__/unit/components/wallet-transaction-display.test.ts
PASS __tests__/unit/services/consolidated-payment-service.test.ts
PASS __tests__/lib/services/enhanced-bounty-service.test.ts
PASS __tests__/integration/api/wallet-balance.test.ts
PASS __tests__/lib/utils/bounty-validation.test.ts
PASS services/api/src/__tests__/websocket-integration.test.ts
PASS __tests__/components/skeleton-card.test.tsx
(node:18264) [DEP0040] DeprecationWarning: The `punycode` module is deprecated. Please use a userland alternative instead.
(Use `node --trace-deprecation ...` to show where the warning was created)
PASS __tests__/components/success-animation.test.tsx
A worker process has failed to exit gracefully and has been force exited. This is likely caused by tests leaking due to improper teardown. Try running with --detectOpenHandles to find leaks. Active timers can also cause this, ensure that .unref() was called on them.

Summary of all failing tests
FAIL __tests__/lib/utils/schedule-utils.test.ts
  ΓùÅ getScheduleChip ΓÇ║ flexible falls back to a duration hint or a generic label

    expect(received).toEqual(expected) // deep equality

    - Expected  - 1
    + Received  + 1

      Object {
        "icon": "ΓÅ▒",
    -   "label": "~~4 hrs",
    +   "label": "~4 hrs",
        "variant": "muted",
      }

       99 |
      100 |   test('flexible falls back to a duration hint or a generic label', () => {
    > 101 |     expect(getScheduleChip('flexible', null, null, 240)).toEqual({
          |                                                          ^
      102 |       label: '~~4 hrs',
      103 |       icon: 'ΓÅ▒',
      104 |       variant: 'muted',

      at Object.<anonymous> (__tests__/lib/utils/schedule-utils.test.ts:101:58)

  ΓùÅ getScheduleChip ΓÇ║ scheduled ΓÇö no dates ΓÇ║ uses duration as a fallback when present

    expect(received).toEqual(expected) // deep equality

    - Expected  - 1
    + Received  + 1

      Object {
        "icon": "Γî¢",
    -   "label": "~~2 hrs",
    +   "label": "~2 hrs",
        "variant": "muted",
      }

      168 |     test('uses duration as a fallback when present', () => {
      169 |       const chip = getScheduleChip('scheduled', null, null, 120);
    > 170 |       expect(chip).toEqual({ label: '~~2 hrs', icon: 'Γî¢', variant: 'muted' });
          |                    ^
      171 |     });
      172 |
      173 |     test('returns null when nothing else is known', () => {

      at Object.<anonymous> (__tests__/lib/utils/schedule-utils.test.ts:170:20)


Test Suites: 1 failed, 3 skipped, 163 passed, 164 of 167 total
Tests:       2 failed, 43 skipped, 33 todo, 2436 passed, 2514 total
Snapshots:   0 total
Time:        20.847 s
Ran all test suites.
Force exiting Jest: Have you considered using `--detectOpenHandles` to detect async operations that kept running after all tests finished?
